Component: ARM Compiler 6.16 Tool: armlink [5dfeaa00]

==============================================================================

Section Cross References

    startup_stm32f407xx.o(STACK) refers (Special) to heapauxi.o(.text) for __use_two_region_memory
    startup_stm32f407xx.o(HEAP) refers (Special) to heapauxi.o(.text) for __use_two_region_memory
    startup_stm32f407xx.o(RESET) refers (Special) to heapauxi.o(.text) for __use_two_region_memory
    startup_stm32f407xx.o(RESET) refers to startup_stm32f407xx.o(STACK) for __initial_sp
    startup_stm32f407xx.o(RESET) refers to startup_stm32f407xx.o(.text) for Reset_Handler
    startup_stm32f407xx.o(RESET) refers to stm32f4xx_it.o(.text.NMI_Handler) for NMI_Handler
    startup_stm32f407xx.o(RESET) refers to stm32f4xx_it.o(.text.HardFault_Handler) for HardFault_Handler
    startup_stm32f407xx.o(RESET) refers to stm32f4xx_it.o(.text.MemManage_Handler) for MemManage_Handler
    startup_stm32f407xx.o(RESET) refers to stm32f4xx_it.o(.text.BusFault_Handler) for BusFault_Handler
    startup_stm32f407xx.o(RESET) refers to stm32f4xx_it.o(.text.UsageFault_Handler) for UsageFault_Handler
    startup_stm32f407xx.o(RESET) refers to stm32f4xx_it.o(.text.SVC_Handler) for SVC_Handler
    startup_stm32f407xx.o(RESET) refers to stm32f4xx_it.o(.text.DebugMon_Handler) for DebugMon_Handler
    startup_stm32f407xx.o(RESET) refers to stm32f4xx_it.o(.text.PendSV_Handler) for PendSV_Handler
    startup_stm32f407xx.o(RESET) refers to main.o(.text.SysTick_Handler) for SysTick_Handler
    startup_stm32f407xx.o(RESET) refers to stm32f4xx_it.o(.text.CAN1_TX_IRQHandler) for CAN1_TX_IRQHandler
    startup_stm32f407xx.o(RESET) refers to stm32f4xx_it.o(.text.CAN1_RX0_IRQHandler) for CAN1_RX0_IRQHandler
    startup_stm32f407xx.o(RESET) refers to stm32f4xx_it.o(.text.DMA2_Stream1_IRQHandler) for DMA2_Stream1_IRQHandler
    startup_stm32f407xx.o(RESET) refers to stm32f4xx_it.o(.text.CAN2_TX_IRQHandler) for CAN2_TX_IRQHandler
    startup_stm32f407xx.o(RESET) refers to stm32f4xx_it.o(.text.CAN2_RX0_IRQHandler) for CAN2_RX0_IRQHandler
    startup_stm32f407xx.o(RESET) refers to stm32f4xx_it.o(.text.DMA2_Stream6_IRQHandler) for DMA2_Stream6_IRQHandler
    startup_stm32f407xx.o(RESET) refers to bsp_usart.o(.text.USART6_IRQHandler) for USART6_IRQHandler
    startup_stm32f407xx.o(.text) refers (Special) to heapauxi.o(.text) for __use_two_region_memory
    startup_stm32f407xx.o(.text) refers to system_stm32f4xx.o(.text.SystemInit) for SystemInit
    startup_stm32f407xx.o(.text) refers to __main.o(!!!main) for __main
    startup_stm32f407xx.o(.text) refers to startup_stm32f407xx.o(HEAP) for Heap_Mem
    startup_stm32f407xx.o(.text) refers to startup_stm32f407xx.o(STACK) for Stack_Mem
    main.o(.text.__cxx_global_var_init) refers to main.o(.text._ZN15DJIMotorHandler8InstanceEv) for DJIMotorHandler::Instance()
    main.o(.text.__cxx_global_var_init) refers to main.o(.bss.DJImotorHandler) for DJImotorHandler
    main.o(.ARM.exidx.text.__cxx_global_var_init) refers to main.o(.text.__cxx_global_var_init) for [Anonymous Symbol]
    main.o(.text.__cxx_global_var_init.1) refers to main.o(.text._ZN17ChassisController8InstanceEv) for ChassisController::Instance()
    main.o(.text.__cxx_global_var_init.1) refers to main.o(.bss.chassisController) for chassisController
    main.o(.ARM.exidx.text.__cxx_global_var_init.1) refers to main.o(.text.__cxx_global_var_init.1) for [Anonymous Symbol]
    main.o(.text.__cxx_global_var_init.2) refers to main.o(.text._ZN8MaixComm8InstanceEv) for MaixComm::Instance()
    main.o(.text.__cxx_global_var_init.2) refers to main.o(.bss.maixcomm) for maixcomm
    main.o(.ARM.exidx.text.__cxx_global_var_init.2) refers to main.o(.text.__cxx_global_var_init.2) for [Anonymous Symbol]
    main.o(.text.__cxx_global_var_init.3) refers to main.o(.text._ZN12SteeringGear8InstanceEv) for SteeringGear::Instance()
    main.o(.text.__cxx_global_var_init.3) refers to main.o(.bss.steeringgear) for steeringgear
    main.o(.ARM.exidx.text.__cxx_global_var_init.3) refers to main.o(.text.__cxx_global_var_init.3) for [Anonymous Symbol]
    main.o(.text._Z15EnableSystickITv) refers to stm32f4xx_hal_cortex.o(.text.HAL_SYSTICK_CLKSourceConfig) for HAL_SYSTICK_CLKSourceConfig
    main.o(.text._Z15EnableSystickITv) refers to system_stm32f4xx.o(.data.SystemCoreClock) for SystemCoreClock
    main.o(.ARM.exidx.text._Z15EnableSystickITv) refers to main.o(.text._Z15EnableSystickITv) for [Anonymous Symbol]
    main.o(.text.SysTick_Handler) refers to stm32f4xx_hal.o(.text.HAL_IncTick) for HAL_IncTick
    main.o(.text.SysTick_Handler) refers to main.o(.bss.maixcomm) for maixcomm
    main.o(.text.SysTick_Handler) refers to maixcomm.o(.text._ZN8MaixComm6UpdateEv) for MaixComm::Update()
    main.o(.text.SysTick_Handler) refers to main.o(.bss.chassisController) for chassisController
    main.o(.text.SysTick_Handler) refers to main.o(.bss.DJImotorHandler) for DJImotorHandler
[...]
    __rt_entry_postli_1                      0x08000225   Thumb Code     0  __rtentry2.o(.ARM.Collect$$rtentry$$0000000C)
    __rt_exit                                0x0800022d   Thumb Code     0  rtexit.o(.ARM.Collect$$rtexit$$00000000)
    __rt_exit_ls                             0x0800022f   Thumb Code     0  rtexit2.o(.ARM.Collect$$rtexit$$00000003)
    __rt_exit_prels_1                        0x0800022f   Thumb Code     0  rtexit2.o(.ARM.Collect$$rtexit$$00000002)
    __rt_exit_exit                           0x08000233   Thumb Code     0  rtexit2.o(.ARM.Collect$$rtexit$$00000004)
    Reset_Handler                            0x08000239   Thumb Code     8  startup_stm32f407xx.o(.text)
    ADC_IRQHandler                           0x08000253   Thumb Code     0  startup_stm32f407xx.o(.text)
    CAN1_RX1_IRQHandler                      0x08000253   Thumb Code     0  startup_stm32f407xx.o(.text)
    CAN1_SCE_IRQHandler                      0x08000253   Thumb Code     0  startup_stm32f407xx.o(.text)
    CAN2_RX1_IRQHandler                      0x08000253   Thumb Code     0  startup_stm32f407xx.o(.text)
    CAN2_SCE_IRQHandler                      0x08000253   Thumb Code     0  startup_stm32f407xx.o(.text)
    DCMI_IRQHandler                          0x08000253   Thumb Code     0  startup_stm32f407xx.o(.text)
    DMA1_Stream0_IRQHandler                  0x08000253   Thumb Code     0  startup_stm32f407xx.o(.text)
    DMA1_Stream1_IRQHandler                  0x08000253   Thumb Code     0  startup_stm32f407xx.o(.text)
    DMA1_Stream2_IRQHandler                  0x08000253   Thumb Code     0  startup_stm32f407xx.o(.text)
    DMA1_Stream3_IRQHandler                  0x08000253   Thumb Code     0  startup_stm32f407xx.o(.text)
    DMA1_Stream4_IRQHandler                  0x08000253   Thumb Code     0  startup_stm32f407xx.o(.text)
    DMA1_Stream5_IRQHandler                  0x08000253   Thumb Code     0  startup_stm32f407xx.o(.text)
    DMA1_Stream6_IRQHandler                  0x08000253   Thumb Code     0  startup_stm32f407xx.o(.text)
    DMA1_Stream7_IRQHandler                  0x08000253   Thumb Code     0  startup_stm32f407xx.o(.text)
    DMA2_Stream0_IRQHandler                  0x08000253   Thumb Code     0  startup_stm32f407xx.o(.text)
    DMA2_Stream2_IRQHandler                  0x08000253   Thumb Code     0  startup_stm32f407xx.o(.text)
    DMA2_Stream3_IRQHandler                  0x08000253   Thumb Code     0  startup_stm32f407xx.o(.text)
    DMA2_Stream4_IRQHandler                  0x08000253   Thumb Code     0  startup_stm32f407xx.o(.text)
    DMA2_Stream5_IRQHandler                  0x08000253   Thumb Code     0  startup_stm32f407xx.o(.text)
    DMA2_Stream7_IRQHandler                  0x08000253   Thumb Code     0  startup_stm32f407xx.o(.text)
    ETH_IRQHandler                           0x08000253   Thumb Code     0  startup_stm32f407xx.o(.text)
    ETH_WKUP_IRQHandler                      0x08000253   Thumb Code     0  startup_stm32f407xx.o(.text)
    EXTI0_IRQHandler                         0x08000253   Thumb Code     0  startup_stm32f407xx.o(.text)
    EXTI15_10_IRQHandler                     0x08000253   Thumb Code     0  startup_stm32f407xx.o(.text)
    EXTI1_IRQHandler                         0x08000253   Thumb Code     0  startup_stm32f407xx.o(.text)
    EXTI2_IRQHandler                         0x08000253   Thumb Code     0  startup_stm32f407xx.o(.text)
    EXTI3_IRQHandler                         0x08000253   Thumb Code     0  startup_stm32f407xx.o(.text)
    EXTI4_IRQHandler                         0x08000253   Thumb Code     0  startup_stm32f407xx.o(.text)
    EXTI9_5_IRQHandler                       0x08000253   Thumb Code     0  startup_stm32f407xx.o(.text)
    FLASH_IRQHandler                         0x08000253   Thumb Code     0  startup_stm32f407xx.o(.text)
    FMC_IRQHandler                           0x08000253   Thumb Code     0  startup_stm32f407xx.o(.text)
    FPU_IRQHandler                           0x08000253   Thumb Code     0  startup_stm32f407xx.o(.text)
    HASH_RNG_IRQHandler                      0x08000253   Thumb Code     0  startup_stm32f407xx.o(.text)
    I2C1_ER_IRQHandler                       0x08000253   Thumb Code     0  startup_stm32f407xx.o(.text)
    I2C1_EV_IRQHandler                       0x08000253   Thumb Code     0  startup_stm32f407xx.o(.text)
    I2C2_ER_IRQHandler                       0x08000253   Thumb Code     0  startup_stm32f407xx.o(.text)
    I2C2_EV_IRQHandler                       0x08000253   Thumb Code     0  startup_stm32f407xx.o(.text)
    I2C3_ER_IRQHandler                       0x08000253   Thumb Code     0  startup_stm32f407xx.o(.text)
    I2C3_EV_IRQHandler                       0x08000253   Thumb Code     0  startup_stm32f407xx.o(.text)
    OTG_FS_IRQHandler                        0x08000253   Thumb Code     0  startup_stm32f407xx.o(.text)
    OTG_FS_WKUP_IRQHandler                   0x08000253   Thumb Code     0  startup_stm32f407xx.o(.text)
    OTG_HS_EP1_IN_IRQHandler                 0x08000253   Thumb Code     0  startup_stm32f407xx.o(.text)
    OTG_HS_EP1_OUT_IRQHandler                0x08000253   Thumb Code     0  startup_stm32f407xx.o(.text)
    OTG_HS_IRQHandler                        0x08000253   Thumb Code     0  startup_stm32f407xx.o(.text)
    OTG_HS_WKUP_IRQHandler                   0x08000253   Thumb Code     0  startup_stm32f407xx.o(.text)
    PVD_IRQHandler                           0x08000253   Thumb Code     0  startup_stm32f407xx.o(.text)
    RCC_IRQHandler                           0x08000253   Thumb Code     0  startup_stm32f407xx.o(.text)
    RTC_Alarm_IRQHandler                     0x08000253   Thumb Code     0  startup_stm32f407xx.o(.text)
    RTC_WKUP_IRQHandler                      0x08000253   Thumb Code     0  startup_stm32f407xx.o(.text)
    SDIO_IRQHandler                          0x08000253   Thumb Code     0  startup_stm32f407xx.o(.text)
    SPI1_IRQHandler                          0x08000253   Thumb Code     0  startup_stm32f407xx.o(.text)
    SPI2_IRQHandler                          0x08000253   Thumb Code     0  startup_stm32f407xx.o(.text)
    SPI3_IRQHandler                          0x08000253   Thumb Code     0  startup_stm32f407xx.o(.text)
    TAMP_STAMP_IRQHandler                    0x08000253   Thumb Code     0  startup_stm32f407xx.o(.text)
    TIM1_BRK_TIM9_IRQHandler                 0x08000253   Thumb Code     0  startup_stm32f407xx.o(.text)
    TIM1_CC_IRQHandler                       0x08000253   Thumb Code     0  startup_stm32f407xx.o(.text)
    TIM1_TRG_COM_TIM11_IRQHandler            0x08000253   Thumb Code     0  startup_stm32f407xx.o(.text)
    TIM1_UP_TIM10_IRQHandler                 0x08000253   Thumb Code     0  startup_stm32f407xx.o(.text)
    TIM2_IRQHandler                          0x08000253   Thumb Code     0  startup_stm32f407xx.o(.text)
    TIM3_IRQHandler                          0x08000253   Thumb Code     0  startup_stm32f407xx.o(.text)
    TIM4_IRQHandler                          0x08000253   Thumb Code     0  startup_stm32f407xx.o(.text)
    TIM5_IRQHandler                          0x08000253   Thumb Code     0  startup_stm32f407xx.o(.text)
    TIM6_DAC_IRQHandler                      0x08000253   Thumb Code     0  startup_stm32f407xx.o(.text)
    TIM7_IRQHandler                          0x08000253   Thumb Code     0  startup_stm32f407xx.o(.text)
    TIM8_BRK_TIM12_IRQHandler                0x08000253   Thumb Code     0  startup_stm32f407xx.o(.text)
    TIM8_CC_IRQHandler                       0x08000253   Thumb Code     0  startup_stm32f407xx.o(.text)
    TIM8_TRG_COM_TIM14_IRQHandler            0x08000253   Thumb Code     0  startup_stm32f407xx.o(.text)
    TIM8_UP_TIM13_IRQHandler                 0x08000253   Thumb Code     0  startup_stm32f407xx.o(.text)
    UART4_IRQHandler                         0x08000253   Thumb Code     0  startup_stm32f407xx.o(.text)
    UART5_IRQHandler                         0x08000253   Thumb Code     0  startup_stm32f407xx.o(.text)
    USART1_IRQHandler                        0x08000253   Thumb Code     0  startup_stm32f407xx.o(.text)
    USART2_IRQHandler                        0x08000253   Thumb Code     0  startup_stm32f407xx.o(.text)
    USART3_IRQHandler                        0x08000253   Thumb Code     0  startup_stm32f407xx.o(.text)
    WWDG_IRQHandler                          0x08000253   Thumb Code     0  startup_stm32f407xx.o(.text)
    __user_initial_stackheap                 0x08000255   Thumb Code     0  startup_stm32f407xx.o(.text)
    malloc                                   0x08000279   Thumb Code    94  h1_alloc.o(.text)
    __aeabi_uldivmod                         0x080002d7   Thumb Code     0  lludivv7m.o(.text)
    _ll_udiv                                 0x080002d7   Thumb Code   240  lludivv7m.o(.text)
    __cxa_atexit                             0x080003c7   Thumb Code    10  cxa_atexit.o(.text)
    __aeabi_memcpy4                          0x080003d1   Thumb Code     0  rt_memcpy_w.o(.text)
    __aeabi_memcpy8                          0x080003d1   Thumb Code     0  rt_memcpy_w.o(.text)
    __rt_memcpy_w                            0x080003d1   Thumb Code   100  rt_memcpy_w.o(.text)
    _memcpy_lastbytes_aligned                0x08000419   Thumb Code     0  rt_memcpy_w.o(.text)
    __aeabi_memclr4                          0x08000435   Thumb Code     0  rt_memclr_w.o(.text)
    __aeabi_memclr8                          0x08000435   Thumb Code     0  rt_memclr_w.o(.text)
    __rt_memclr_w                            0x08000435   Thumb Code     0  rt_memclr_w.o(.text)
    _memset_w                                0x08000439   Thumb Code    74  rt_memclr_w.o(.text)
    __use_two_region_memory                  0x08000483   Thumb Code     2  heapauxi.o(.text)
    __rt_heap_escrow                         0x08000485   Thumb Code     2  heapauxi.o(.text)
    __rt_heap_expand                         0x08000487   Thumb Code     2  heapauxi.o(.text)
    __cpp_initialize__aeabi_                 0x08000489   Thumb Code    28  init_aeabi.o(.text)
    __rt_heap_descriptor                     0x080004ad   Thumb Code     8  rt_heap_descriptor_intlibspace.o(.text)
    __use_no_heap                            0x080004b5   Thumb Code     2  hguard.o(.text)
    __heap$guard                             0x080004b7   Thumb Code     2  hguard.o(.text)
    _terminate_user_alloc                    0x080004b9   Thumb Code     2  init_alloc.o(.text)
    _init_user_alloc                         0x080004bb   Thumb Code     2  init_alloc.o(.text)
    __Heap_Full                              0x080004bd   Thumb Code    34  init_alloc.o(.text)
    __Heap_Broken                            0x080004df   Thumb Code     6  init_alloc.o(.text)
    _init_alloc                              0x080004e5   Thumb Code    94  init_alloc.o(.text)
    __Heap_Initialize                        0x08000543   Thumb Code    10  h1_init.o(.text)
    __Heap_DescSize                          0x0800054d   Thumb Code     4  h1_init.o(.text)
    free                                     0x08000551   Thumb Code    78  h1_free.o(.text)
    __aeabi_atexit                           0x0800059f   Thumb Code    46  aeabi_atexit.o(.text)
    __user_libspace                          0x080005cd   Thumb Code     8  libspace.o(.text)
    __user_perproc_libspace                  0x080005cd   Thumb Code     0  libspace.o(.text)
    __user_perthread_libspace                0x080005cd   Thumb Code     0  libspace.o(.text)
    __rt_ddtor_pointer_addr                  0x080005d5   Thumb Code     8  rt_ddtor_pointer_addr_intlibspace.o(.text)
    __Heap_ProvideMemory                     0x080005dd   Thumb Code    52  h1_extend.o(.text)
    _maybe_terminate_alloc                   0x080005dd   Thumb Code     0  maybetermalloc1.o(.text)
    abort                                    0x08000611   Thumb Code    22  abort.o(.text)
    __cxa_finalize                           0x08000627   Thumb Code    66  cxa_finalize.o(.text)
    __rt_SIGRTMEM                            0x08000669   Thumb Code    14  defsig_rtmem_outer.o(.text)
    _sys_exit                                0x08000679   Thumb Code     8  sys_exit.o(.text)
    __I$use$semihosting                      0x08000685   Thumb Code     0  use_no_semi.o(.text)
    __use_no_semihosting_swi                 0x08000685   Thumb Code     2  use_no_semi.o(.text)
    __semihosting_library_function           0x08000687   Thumb Code     0  indicate_semi.o(.text)
    __user_setup_stackheap                   0x08000687   Thumb Code    74  sys_stackheap_outer.o(.text)
    exit                                     0x080006d1   Thumb Code    18  exit.o(.text)
    __sig_exit                               0x080006e3   Thumb Code    10  defsig_exit.o(.text)
    __rt_SIGABRT                             0x080006ed   Thumb Code    14  defsig_abrt_outer.o(.text)
    __rt_SIGRTMEM_inner                      0x080006fd   Thumb Code    22  defsig_rtmem_inner.o(.text)
    __default_signal_display                 0x0800074d   Thumb Code    50  defsig_general.o(.text)
    __rt_SIGABRT_inner                       0x08000781   Thumb Code    14  defsig_abrt_inner.o(.text)
    _ttywrch                                 0x080007b1   Thumb Code    14  sys_wrch.o(.text)
    BusFault_Handler                         0x080007c1   Thumb Code     4  stm32f4xx_it.o(.text.BusFault_Handler)
    CAN1_RX0_IRQHandler                      0x080007c5   Thumb Code    16  stm32f4xx_it.o(.text.CAN1_RX0_IRQHandler)
    CAN1_TX_IRQHandler                       0x080007d5   Thumb Code    16  stm32f4xx_it.o(.text.CAN1_TX_IRQHandler)
    CAN2_RX0_IRQHandler                      0x080007e5   Thumb Code    16  stm32f4xx_it.o(.text.CAN2_RX0_IRQHandler)
    CAN2_TX_IRQHandler                       0x080007f5   Thumb Code    16  stm32f4xx_it.o(.text.CAN2_TX_IRQHandler)
    DMA2_Stream1_IRQHandler                  0x08000805   Thumb Code    16  stm32f4xx_it.o(.text.DMA2_Stream1_IRQHandler)
    DMA2_Stream6_IRQHandler                  0x08000815   Thumb Code    16  stm32f4xx_it.o(.text.DMA2_Stream6_IRQHandler)
    DebugMon_Handler                         0x0800096d   Thumb Code     2  stm32f4xx_it.o(.text.DebugMon_Handler)
    Error_Handler                            0x08000971   Thumb Code     6  main.o(.text.Error_Handler)
    HAL_CAN_ActivateNotification             0x08000979   Thumb Code    82  stm32f4xx_hal_can.o(.text.HAL_CAN_ActivateNotification)
    HAL_CAN_AddTxMessage                     0x080009cd   Thumb Code   342  stm32f4xx_hal_can.o(.text.HAL_CAN_AddTxMessage)
    HAL_CAN_ConfigFilter                     0x08000b25   Thumb Code   414  stm32f4xx_hal_can.o(.text.HAL_CAN_ConfigFilter)
    HAL_CAN_ErrorCallback                    0x08000cc5   Thumb Code     8  stm32f4xx_hal_can.o(.text.HAL_CAN_ErrorCallback)
    HAL_CAN_GetRxMessage                     0x08000ccd   Thumb Code   530  stm32f4xx_hal_can.o(.text.HAL_CAN_GetRxMessage)
    HAL_CAN_GetTxMailboxesFreeLevel          0x08000ee1   Thumb Code   112  stm32f4xx_hal_can.o(.text.HAL_CAN_GetTxMailboxesFreeLevel)
    HAL_CAN_IRQHandler                       0x08000f51   Thumb Code  1010  stm32f4xx_hal_can.o(.text.HAL_CAN_IRQHandler)
    HAL_CAN_Init                             0x08001345   Thumb Code   478  stm32f4xx_hal_can.o(.text.HAL_CAN_Init)
    HAL_CAN_MspInit                          0x08001525   Thumb Code   424  stm32f4xx_hal_msp.o(.text.HAL_CAN_MspInit)
    HAL_CAN_RxFifo0FullCallback              0x080016cd   Thumb Code     8  stm32f4xx_hal_can.o(.text.HAL_CAN_RxFifo0FullCallback)
    HAL_CAN_RxFifo0MsgPendingCallback        0x080016d5   Thumb Code   124  bsp_can.o(.text.HAL_CAN_RxFifo0MsgPendingCallback)
    HAL_CAN_RxFifo1FullCallback              0x08001751   Thumb Code     8  stm32f4xx_hal_can.o(.text.HAL_CAN_RxFifo1FullCallback)
    HAL_CAN_RxFifo1MsgPendingCallback        0x08001759   Thumb Code     8  stm32f4xx_hal_can.o(.text.HAL_CAN_RxFifo1MsgPendingCallback)
    HAL_CAN_SleepCallback                    0x08001761   Thumb Code     8  stm32f4xx_hal_can.o(.text.HAL_CAN_SleepCallback)
    HAL_CAN_Start                            0x08001769   Thumb Code   138  stm32f4xx_hal_can.o(.text.HAL_CAN_Start)
    HAL_CAN_TxMailbox0AbortCallback          0x080017f5   Thumb Code     8  stm32f4xx_hal_can.o(.text.HAL_CAN_TxMailbox0AbortCallback)
    HAL_CAN_TxMailbox0CompleteCallback       0x080017fd   Thumb Code     8  stm32f4xx_hal_can.o(.text.HAL_CAN_TxMailbox0CompleteCallback)
    HAL_CAN_TxMailbox1AbortCallback          0x08001805   Thumb Code     8  stm32f4xx_hal_can.o(.text.HAL_CAN_TxMailbox1AbortCallback)
    HAL_CAN_TxMailbox1CompleteCallback       0x0800180d   Thumb Code     8  stm32f4xx_hal_can.o(.text.HAL_CAN_TxMailbox1CompleteCallback)
    HAL_CAN_TxMailbox2AbortCallback          0x08001815   Thumb Code     8  stm32f4xx_hal_can.o(.text.HAL_CAN_TxMailbox2AbortCallback)
    HAL_CAN_TxMailbox2CompleteCallback       0x0800181d   Thumb Code     8  stm32f4xx_hal_can.o(.text.HAL_CAN_TxMailbox2CompleteCallback)
    HAL_CAN_WakeUpFromRxMsgCallback          0x08001825   Thumb Code     8  stm32f4xx_hal_can.o(.text.HAL_CAN_WakeUpFromRxMsgCallback)
    HAL_DMA_Abort                            0x0800182d   Thumb Code   236  stm32f4xx_hal_dma.o(.text.HAL_DMA_Abort)
    HAL_DMA_Abort_IT                         0x08001919   Thumb Code    68  stm32f4xx_hal_dma.o(.text.HAL_DMA_Abort_IT)
    HAL_DMA_IRQHandler                       0x0800195d   Thumb Code   798  stm32f4xx_hal_dma.o(.text.HAL_DMA_IRQHandler)
    HAL_DMA_Init                             0x08001c7d   Thumb Code   366  stm32f4xx_hal_dma.o(.text.HAL_DMA_Init)
    HAL_GPIO_Init                            0x08001ded   Thumb Code   950  stm32f4xx_hal_gpio.o(.text.HAL_GPIO_Init)
    HAL_GPIO_WritePin                        0x080021a5   Thumb Code    46  stm32f4xx_hal_gpio.o(.text.HAL_GPIO_WritePin)
    HAL_GetTick                              0x080021d5   Thumb Code    12  stm32f4xx_hal.o(.text.HAL_GetTick)
    HAL_IncTick                              0x080021e1   Thumb Code    26  stm32f4xx_hal.o(.text.HAL_IncTick)
    HAL_Init                                 0x080021fd   Thumb Code    60  stm32f4xx_hal.o(.text.HAL_Init)
    HAL_InitTick                             0x08002239   Thumb Code   112  stm32f4xx_hal.o(.text.HAL_InitTick)
    HAL_MspInit                              0x080022a9   Thumb Code    74  stm32f4xx_hal_msp.o(.text.HAL_MspInit)
    HAL_NVIC_EnableIRQ                       0x080022f5   Thumb Code    20  stm32f4xx_hal_cortex.o(.text.HAL_NVIC_EnableIRQ)
    HAL_NVIC_SetPriority                     0x08002309   Thumb Code    50  stm32f4xx_hal_cortex.o(.text.HAL_NVIC_SetPriority)
    HAL_NVIC_SetPriorityGrouping             0x0800233d   Thumb Code    16  stm32f4xx_hal_cortex.o(.text.HAL_NVIC_SetPriorityGrouping)
    HAL_RCC_ClockConfig                      0x0800234d   Thumb Code   610  stm32f4xx_hal_rcc.o(.text.HAL_RCC_ClockConfig)
    HAL_RCC_GetHCLKFreq                      0x080025b1   Thumb Code    12  stm32f4xx_hal_rcc.o(.text.HAL_RCC_GetHCLKFreq)
    HAL_RCC_GetPCLK1Freq                     0x080025bd   Thumb Code    34  stm32f4xx_hal_rcc.o(.text.HAL_RCC_GetPCLK1Freq)
    HAL_RCC_GetPCLK2Freq                     0x080025e1   Thumb Code    34  stm32f4xx_hal_rcc.o(.text.HAL_RCC_GetPCLK2Freq)
    HAL_RCC_GetSysClockFreq                  0x08002605   Thumb Code   230  stm32f4xx_hal_rcc.o(.text.HAL_RCC_GetSysClockFreq)
    HAL_RCC_OscConfig                        0x080026ed   Thumb Code  1726  stm32f4xx_hal_rcc.o(.text.HAL_RCC_OscConfig)
    HAL_SYSTICK_CLKSourceConfig              0x08002dad   Thumb Code    52  stm32f4xx_hal_cortex.o(.text.HAL_SYSTICK_CLKSourceConfig)
    HAL_SYSTICK_Config                       0x08002de1   Thumb Code    16  stm32f4xx_hal_cortex.o(.text.HAL_SYSTICK_Config)
    HAL_TIMEx_ConfigBreakDeadTime            0x08002df1   Thumb Code   178  stm32f4xx_hal_tim_ex.o(.text.HAL_TIMEx_ConfigBreakDeadTime)
    HAL_TIMEx_MasterConfigSynchronization    0x08002ea5   Thumb Code   290  stm32f4xx_hal_tim_ex.o(.text.HAL_TIMEx_MasterConfigSynchronization)
    HAL_TIM_Base_Init                        0x08002fc9   Thumb Code   156  stm32f4xx_hal_tim.o(.text.HAL_TIM_Base_Init)
    HAL_TIM_Base_MspInit                     0x08003065   Thumb Code   116  stm32f4xx_hal_msp.o(.text.HAL_TIM_Base_MspInit)
    HAL_TIM_ConfigClockSource                0x080030d9   Thumb Code   388  stm32f4xx_hal_tim.o(.text.HAL_TIM_ConfigClockSource)
    HAL_TIM_MspPostInit                      0x0800325d   Thumb Code   274  stm32f4xx_hal_msp.o(.text.HAL_TIM_MspPostInit)
    HAL_TIM_PWM_ConfigChannel                0x08003371   Thumb Code   322  stm32f4xx_hal_tim.o(.text.HAL_TIM_PWM_ConfigChannel)
    HAL_TIM_PWM_Init                         0x080034b5   Thumb Code   156  stm32f4xx_hal_tim.o(.text.HAL_TIM_PWM_Init)
    HAL_TIM_PWM_MspInit                      0x08003551   Thumb Code     8  stm32f4xx_hal_tim.o(.text.HAL_TIM_PWM_MspInit)
    HAL_TIM_PWM_Start                        0x08003559   Thumb Code   458  stm32f4xx_hal_tim.o(.text.HAL_TIM_PWM_Start)
    HAL_UARTEx_RxEventCallback               0x08003725   Thumb Code    12  bsp_usart.o(.text.HAL_UARTEx_RxEventCallback)
    HAL_UART_ErrorCallback                   0x08003731   Thumb Code     8  stm32f4xx_hal_uart.o(.text.HAL_UART_ErrorCallback)
    HAL_UART_IRQHandler                      0x08003739   Thumb Code  1116  stm32f4xx_hal_uart.o(.text.HAL_UART_IRQHandler)
    HAL_UART_Init                            0x08003b95   Thumb Code   158  stm32f4xx_hal_uart.o(.text.HAL_UART_Init)
    HAL_UART_MspInit                         0x08003c35   Thumb Code   342  stm32f4xx_hal_msp.o(.text.HAL_UART_MspInit)
    HAL_UART_Receive_IT                      0x08003d8d   Thumb Code    86  stm32f4xx_hal_uart.o(.text.HAL_UART_Receive_IT)
    HAL_UART_RxCpltCallback                  0x08003de5   Thumb Code    86  bsp_usart.o(.text.HAL_UART_RxCpltCallback)
    HAL_UART_TxCpltCallback                  0x08003e3d   Thumb Code     8  bsp_usart.o(.text.HAL_UART_TxCpltCallback)
    HardFault_Handler                        0x08003e45   Thumb Code     4  stm32f4xx_it.o(.text.HardFault_Handler)
    MemManage_Handler                        0x08003e49   Thumb Code     4  stm32f4xx_it.o(.text.MemManage_Handler)
    NMI_Handler                              0x08003e4d   Thumb Code     4  stm32f4xx_it.o(.text.NMI_Handler)
    PendSV_Handler                           0x08003ebd   Thumb Code     2  stm32f4xx_it.o(.text.PendSV_Handler)
    SVC_Handler                              0x08003ec1   Thumb Code     2  stm32f4xx_it.o(.text.SVC_Handler)
    SysTick_Handler                          0x08003f19   Thumb Code    52  main.o(.text.SysTick_Handler)
    SystemInit                               0x08003f4d   Thumb Code    18  system_stm32f4xx.o(.text.SystemInit)
    TIM_Base_SetConfig                       0x08003f61   Thumb Code   420  stm32f4xx_hal_tim.o(.text.TIM_Base_SetConfig)
    TIM_CCxChannelCmd                        0x08004105   Thumb Code    54  stm32f4xx_hal_tim.o(.text.TIM_CCxChannelCmd)
    TIM_ETR_SetConfig                        0x0800413d   Thumb Code    52  stm32f4xx_hal_tim.o(.text.TIM_ETR_SetConfig)
    TIM_OC2_SetConfig                        0x08004289   Thumb Code   244  stm32f4xx_hal_tim.o(.text.TIM_OC2_SetConfig)
    UART_Start_Receive_IT                    0x08004935   Thumb Code    98  stm32f4xx_hal_uart.o(.text.UART_Start_Receive_IT)
    USART6_IRQHandler                        0x08004a2d   Thumb Code    16  bsp_usart.o(.text.USART6_IRQHandler)
    UsageFault_Handler                       0x08004a3d   Thumb Code     4  stm32f4xx_it.o(.text.UsageFault_Handler)
    LED_ALL_ON()                             0x08004a55   Thumb Code    54  led.o(.text._Z10LED_ALL_ONv)
    USART_Init()                             0x08004a8d   Thumb Code     8  bsp_usart.o(.text._Z10USART_Initv)
    USART6_Init()                            0x08004a95   Thumb Code    26  bsp_usart.o(.text._Z11USART6_Initv)
    CAN_Transmit(CAN_HandleTypeDef*, unsigned int, unsigned char*, unsigned short) 0x08004ab1   Thumb Code    60  bsp_can.o(.text._Z12CAN_TransmitP17CAN_HandleTypeDefjPht)
    PWM_SetPeriod(TIM_HandleTypeDef*, float) 0x08004aed   Thumb Code    94  bsp_tim.o(.text._Z13PWM_SetPeriodP17TIM_HandleTypeDeff)
    EnableSystickIT()                        0x08004b4d   Thumb Code    84  main.o(.text._Z15EnableSystickITv)
    PWM_SetDutyRatio(TIM_HandleTypeDef*, float, unsigned int) 0x08004ba1   Thumb Code   304  bsp_tim.o(.text._Z16PWM_SetDutyRatioP17TIM_HandleTypeDeffj)
    DWT_SysTimeUpdate()                      0x08004cd1   Thumb Code   252  bsp_dwt.o(.text._Z17DWT_SysTimeUpdatev)
    DWT_GetTimeline_ms()                     0x08004dcd   Thumb Code    76  bsp_dwt.o(.text._Z18DWT_GetTimeline_msv)
    SystemClock_Config()                     0x08004e19   Thumb Code   188  main.o(.text._Z18SystemClock_Configv)
    Get_CRC16_Check_Sum(unsigned char const*, unsigned int, unsigned short) 0x08004ed5   Thumb Code   102  crc.o(.text._Z19Get_CRC16_Check_SumPKhjt)
    Verify_CRC16_Check_Sum(unsigned char const*, unsigned int) 0x08004f3d   Thumb Code   118  crc.o(.text._Z22Verify_CRC16_Check_SumPKhj)
    CAN_Init()                               0x08004fb5   Thumb Code   100  bsp_can.o(.text._Z8CAN_Initv)
    DWT_Init(unsigned int)                   0x08005019   Thumb Code   142  bsp_dwt.o(.text._Z8DWT_Initj)
    bsp_init()                               0x080050a9   Thumb Code    22  bsp.o(.text._Z8bsp_initv)
    GPIO_Init()                              0x080050c1   Thumb Code    86  bsp_gpio.o(.text._Z9GPIO_Initv)
    PWM_Start(TIM_HandleTypeDef*, unsigned int) 0x08005119   Thumb Code    20  bsp_tim.o(.text._Z9PWM_StartP17TIM_HandleTypeDefj)
    KalmanFilter::SetQ(float)                0x08005a25   Thumb Code    18  kalmanfilter.o(.text._ZN12KalmanFilter4SetQEf)
    KalmanFilter::SetR(float)                0x08005a39   Thumb Code    18  kalmanfilter.o(.text._ZN12KalmanFilter4SetREf)
    KalmanFilter::Clear()                    0x08005a4d   Thumb Code    48  kalmanfilter.o(.text._ZN12KalmanFilter5ClearEv)
    KalmanFilter::Update(float)              0x08005a7d   Thumb Code   110  kalmanfilter.o(.text._ZN12KalmanFilter6UpdateEf)
    KalmanFilter::KalmanFilter()             0x08005aed   Thumb Code    48  kalmanfilter.o(.text._ZN12KalmanFilterC2Ev)
    KalmanFilter::KalmanFilter__sub_object() 0x08005aed   Thumb Code    48  kalmanfilter.o(.text._ZN12KalmanFilterC2Ev)
    StateMachine::StateMachine__sub_object() 0x08005b1d   Thumb Code    22  main.o(.text._ZN12StateMachineC2Ev)
    SteeringGear::Init()                     0x08005b35   Thumb Code   112  steeringgear.o(.text._ZN12SteeringGear4InitEv)
    SteeringGear::Instance()                 0x08005ba5   Thumb Code    10  main.o(.text._ZN12SteeringGear8InstanceEv)
    SteeringGear::SetAngle(int, int)         0x08005bb1   Thumb Code   264  steeringgear.o(.text._ZN12SteeringGear8SetAngleEii)
    DJIMotorHandler::registerMotor(DJIMotor*, CAN_HandleTypeDef*, unsigned short) 0x08005cb9   Thumb Code   286  djimotorhandler.o(.text._ZN15DJIMotorHandler13registerMotorEP8DJIMotorP17CAN_HandleTypeDeft)
    DJIMotorHandler::updateFeedback(CAN_HandleTypeDef*, unsigned char*, int) 0x08005dd9   Thumb Code   118  djimotorhandler.o(.text._ZN15DJIMotorHandler14updateFeedbackEP17CAN_HandleTypeDefPhi)
    DJIMotorHandler::sendControlData()       0x08005e51   Thumb Code   646  djimotorhandler.o(.text._ZN15DJIMotorHandler15sendControlDataEv)
    DJIMotorHandler::UpdateSensorData(DJIMotor*, unsigned char*) 0x080060d9   Thumb Code   564  djimotorhandler.o(.text._ZN15DJIMotorHandler16UpdateSensorDataEP8DJIMotorPh)
    DJIMotorHandler::Instance()              0x0800630d   Thumb Code   102  main.o(.text._ZN15DJIMotorHandler8InstanceEv)
    DJIMotorHandler::DJIMotorHandler()       0x08006375   Thumb Code   246  djimotorhandler.o(.text._ZN15DJIMotorHandlerC2Ev)
    DJIMotorHandler::DJIMotorHandler__sub_object() 0x08006375   Thumb Code   246  djimotorhandler.o(.text._ZN15DJIMotorHandlerC2Ev)
    DJIMotorHandler::~DJIMotorHandler()      0x0800646d   Thumb Code    10  djimotorhandler.o(.text._ZN15DJIMotorHandlerD2Ev)
    DJIMotorHandler::~DJIMotorHandler__sub_object() 0x0800646d   Thumb Code    10  djimotorhandler.o(.text._ZN15DJIMotorHandlerD2Ev)
    ChassisController::HandleInput()         0x08006479   Thumb Code   784  chassiscontroller.o(.text._ZN17ChassisController11HandleInputEv)
    ChassisController::Kinematic_Inverse_Resolution(M2006**) 0x08006789   Thumb Code   352  chassiscontroller.o(.text._ZN17ChassisController28Kinematic_Inverse_ResolutionEPP5M2006)
    ChassisController::Run()                 0x080068e9   Thumb Code   140  chassiscontroller.o(.text._ZN17ChassisController3RunEv)
    ChassisController::Init()                0x08006975   Thumb Code   762  chassiscontroller.o(.text._ZN17ChassisController4InitEv)
    ChassisController::Instance()            0x08006c71   Thumb Code   102  main.o(.text._ZN17ChassisController8InstanceEv)
    ChassisController::ChassisController__sub_object() 0x08006cd9   Thumb Code   236  main.o(.text._ZN17ChassisControllerC2Ev)
    ChassisController::~ChassisController__sub_object() 0x08006dc5   Thumb Code    70  main.o(.text._ZN17ChassisControllerD2Ev)
    PID::UpdateResult()                      0x08006e0d   Thumb Code   604  pid.o(.text._ZN3PID12UpdateResultEv)
    PID::Clear()                             0x08007069   Thumb Code    48  pid.o(.text._ZN3PID5ClearEv)
    PID::PID()                               0x08007099   Thumb Code    50  pid.o(.text._ZN3PIDC2Ev)
    PID::PID__sub_object()                   0x08007099   Thumb Code    50  pid.o(.text._ZN3PIDC2Ev)
    Math::FloatConstrain(float, float, float) 0x080070cd   Thumb Code   108  math.o(.text._ZN4Math14FloatConstrainEfff)
    Math::LimitABS(float, float)             0x08007139   Thumb Code    90  math.o(.text._ZN4Math8LimitABSEff)
    M2006::AliveCheck()                      0x08007195   Thumb Code    54  m2006.o(.text._ZN5M200610AliveCheckEv)
    M2006::BlockedCheck()                    0x080071cd   Thumb Code    56  m2006.o(.text._ZN5M200612BlockedCheckEv)
    M2006::setOutput()                       0x08007205   Thumb Code   228  m2006.o(.text._ZN5M20069setOutputEv)
    M2006::M2006()                           0x080072e9   Thumb Code   132  m2006.o(.text._ZN5M2006C2Ev)
    M2006::M2006__sub_object()               0x080072e9   Thumb Code   132  m2006.o(.text._ZN5M2006C2Ev)
    M2006::~M2006()                          0x0800736d   Thumb Code    10  m2006.o(.text._ZN5M2006D2Ev)
    M2006::~M2006__sub_object()              0x0800736d   Thumb Code    10  m2006.o(.text._ZN5M2006D2Ev)
    DJIMotor::DJIMotor__sub_object()         0x08007379   Thumb Code   140  gm6020.o(.text._ZN8DJIMotorC2Ev)
    MaixComm::Init()                         0x08007405   Thumb Code    26  maixcomm.o(.text._ZN8MaixComm4InitEv)
    MaixComm::Update()                       0x08007421   Thumb Code   120  maixcomm.o(.text._ZN8MaixComm6UpdateEv)
    MaixComm::Instance()                     0x08007499   Thumb Code    10  main.o(.text._ZN8MaixComm8InstanceEv)
    __cxa_pure_virtual                       0x08007565   Thumb Code     8  cxa_virtual.cpp.o(.text.__cxa_pure_virtual)
    abort_message                            0x080075db   Thumb Code     4  abort_message.cpp.o(.text.abort_message)
    arm_cos_f32                              0x080075e1   Thumb Code   152  arm_cos_f32.o(.text.arm_cos_f32)
    main                                     0x08007679   Thumb Code   104  main.o(.text.main)
    __cxa_guard_acquire                      0x080076e1   Thumb Code    36  cxa_guard.cpp.o(.text.unlikely.__cxa_guard_acquire)
    __cxa_guard_release                      0x0800773d   Thumb Code     8  cxa_guard.cpp.o(.text.unlikely.__cxa_guard_release)
    __hardfp_roundf                          0x08007745   Thumb Code   154  roundf.o(i.__hardfp_roundf)
    __fpl_dcmp_Inf                           0x080077df   Thumb Code    24  dcmpi.o(x$fpl$dcmpinf)
    __aeabi_cdcmpeq                          0x080077f9   Thumb Code     0  deqf.o(x$fpl$deqf)
    _dcmpeq                                  0x080077f9   Thumb Code   120  deqf.o(x$fpl$deqf)
    __aeabi_cdcmpge                          0x08007871   Thumb Code     0  dgeqf.o(x$fpl$dgeqf)
    _dcmpge                                  0x08007871   Thumb Code   120  dgeqf.o(x$fpl$dgeqf)
    __aeabi_cdcmple                          0x080078e9   Thumb Code     0  dleqf.o(x$fpl$dleqf)
    _dcmple                                  0x080078e9   Thumb Code   120  dleqf.o(x$fpl$dleqf)
    __fpl_dcmple_InfNaN                      0x0800794b   Thumb Code     0  dleqf.o(x$fpl$dleqf)
    __aeabi_dmul                             0x08007961   Thumb Code     0  dmul.o(x$fpl$dmul)
    _dmul                                    0x08007961   Thumb Code   332  dmul.o(x$fpl$dmul)
    __fpl_dnaninf                            0x08007ab5   Thumb Code   156  dnaninf.o(x$fpl$dnaninf)
    __fpl_dretinf                            0x08007b51   Thumb Code    12  dretinf.o(x$fpl$dretinf)
    __aeabi_f2d                              0x08007b5d   Thumb Code     0  f2d.o(x$fpl$f2d)
    _f2d                                     0x08007b5d   Thumb Code    86  f2d.o(x$fpl$f2d)
    __aeabi_dcmpeq                           0x08007bb3   Thumb Code     0  dcmp.o(x$fpl$fcmp)
    _deq                                     0x08007bb3   Thumb Code    14  dcmp.o(x$fpl$fcmp)
    _dneq                                    0x08007bc1   Thumb Code    14  dcmp.o(x$fpl$fcmp)
    __aeabi_dcmpgt                           0x08007bcf   Thumb Code     0  dcmp.o(x$fpl$fcmp)
    _dgr                                     0x08007bcf   Thumb Code    14  dcmp.o(x$fpl$fcmp)
    __aeabi_dcmpge                           0x08007bdd   Thumb Code     0  dcmp.o(x$fpl$fcmp)
    _dgeq                                    0x08007bdd   Thumb Code    14  dcmp.o(x$fpl$fcmp)
    __aeabi_dcmple                           0x08007beb   Thumb Code     0  dcmp.o(x$fpl$fcmp)
    _dleq                                    0x08007beb   Thumb Code    14  dcmp.o(x$fpl$fcmp)
    __aeabi_dcmplt                           0x08007bf9   Thumb Code     0  dcmp.o(x$fpl$fcmp)
    _dls                                     0x08007bf9   Thumb Code    14  dcmp.o(x$fpl$fcmp)
    __fpl_fnaninf                            0x08007c07   Thumb Code   140  fnaninf.o(x$fpl$fnaninf)
    _fp_init                                 0x08007c93   Thumb Code    26  fpinit.o(x$fpl$fpinit)
    __fplib_config_fpu_vfp                   0x08007cab   Thumb Code     0  fpinit.o(x$fpl$fpinit)
    __fplib_config_pureend_doubles           0x08007cab   Thumb Code     0  fpinit.o(x$fpl$fpinit)
    _frnd                                    0x08007cad   Thumb Code    96  frnd.o(x$fpl$frnd)
    AHBPrescTable                            0x08007d0c   Data          16  system_stm32f4xx.o(.rodata.AHBPrescTable)
    __I$use$fp                               0x08007d0c   Number         0  usenofp.o(x$fpl$usenofp)
    APBPrescTable                            0x08007d1c   Data           8  system_stm32f4xx.o(.rodata.APBPrescTable)
    vtable for StateMachine                  0x08007f2c   Data          20  main.o(.rodata._ZTV12StateMachine)
    vtable for ChassisController             0x08007f40   Data          20  chassiscontroller.o(.rodata._ZTV17ChassisController)
    vtable for M2006                         0x08007f54   Data          20  m2006.o(.rodata._ZTV5M2006)
    vtable for DJIMotor                      0x08007f68   Data          20  gm6020.o(.rodata._ZTV8DJIMotor)
    sinTable_f32                             0x08007f7c   Data        2052  arm_common_tables.o(.rodata.sinTable_f32)
    Region$$Table$$Base                      0x08008780   Number         0  anon$$obj.o(Region$$Table)
    Region$$Table$$Limit                     0x080087a0   Number         0  anon$$obj.o(Region$$Table)
    SHT$$INIT_ARRAY$$Base                    0x080087a0   Number         0  main.o(.init_array)
    SHT$$INIT_ARRAY$$Limit                   0x080087a4   Number         0  init_aeabi.o(.init_array)
    K_Q                                      0x20000000   Data           4  chassiscontroller.o(.data.K_Q)
    K_R                                      0x20000004   Data           4  chassiscontroller.o(.data.K_R)
    SystemCoreClock                          0x20000008   Data           4  system_stm32f4xx.o(.data.SystemCoreClock)
    VKp                                      0x2000000c   Data           4  chassiscontroller.o(.data.VKp)
    max_delta                                0x20000010   Data           4  pid.o(.data.max_delta)
    uwTickFreq                               0x20000014   Data           1  stm32f4xx_hal.o(.data.uwTickFreq)
    uwTickPrio                               0x20000018   Data           4  stm32f4xx_hal.o(.data.uwTickPrio)
    __libspace_start                         0x20000020   Data          96  libspace.o(.bss)
    DJImotorHandler                          0x20000080   Data           4  main.o(.bss.DJImotorHandler)
    __temporary_stack_top$libspace           0x20000080   Data           0  libspace.o(.bss)
    UART6RxBuffer                            0x20000088   Data          12  bsp_usart.o(.bss.UART6RxBuffer)
    guard variable for DJIMotorHandler::Instance()::instance 0x20000094   Data           4  chassiscontroller.o(.bss._ZGVZN15DJIMotorHandler8InstanceEvE8instance)
    guard variable for ChassisController::Instance()::instance 0x20000098   Data           4  bsp_usart.o(.bss._ZGVZN17ChassisController8InstanceEvE8instance)
    SteeringGear::Instance()::instance       0x200000e1   Data           1  chassiscontroller.o(.bss._ZZN12SteeringGear8InstanceEvE8instance)
    DJIMotorHandler::Instance()::instance    0x200000e4   Data         260  chassiscontroller.o(.bss._ZZN15DJIMotorHandler8InstanceEvE8instance)
    ChassisController::Instance()::instance  0x200001e8   Data        1864  bsp_usart.o(.bss._ZZN17ChassisController8InstanceEvE8instance)
    MaixComm::Instance()::instance           0x20000930   Data          24  chassiscontroller.o(.bss._ZZN8MaixComm8InstanceEvE8instance)
    chassisController                        0x20000948   Data           4  main.o(.bss.chassisController)
    debug_lf_spd_fdb                         0x2000094c   Data           4  chassiscontroller.o(.bss.debug_lf_spd_fdb)
    debug_lf_spd_set                         0x20000950   Data           4  chassiscontroller.o(.bss.debug_lf_spd_set)
    debug_lr_spd_fdb                         0x20000954   Data           4  chassiscontroller.o(.bss.debug_lr_spd_fdb)
    debug_lr_spd_set                         0x20000958   Data           4  chassiscontroller.o(.bss.debug_lr_spd_set)
    debug_rf_spd_fdb                         0x2000095c   Data           4  chassiscontroller.o(.bss.debug_rf_spd_fdb)
    debug_rf_spd_set                         0x20000960   Data           4  chassiscontroller.o(.bss.debug_rf_spd_set)
    debug_rr_spd_fdb                         0x20000964   Data           4  chassiscontroller.o(.bss.debug_rr_spd_fdb)
    debug_rr_spd_set                         0x20000968   Data           4  chassiscontroller.o(.bss.debug_rr_spd_set)
    hcan1                                    0x2000096c   Data          40  main.o(.bss.hcan1)
    hcan2                                    0x20000994   Data          40  main.o(.bss.hcan2)
    hdma_usart6_rx                           0x200009bc   Data          96  main.o(.bss.hdma_usart6_rx)
    hdma_usart6_tx                           0x20000a1c   Data          96  main.o(.bss.hdma_usart6_tx)
    htim1                                    0x20000a7c   Data          72  main.o(.bss.htim1)
    htim8                                    0x20000ac4   Data          72  main.o(.bss.htim8)
    huart6                                   0x20000b0c   Data          72  main.o(.bss.huart6)
    maixcomm                                 0x20000b54   Data           4  main.o(.bss.maixcomm)
    steeringgear                             0x20000b58   Data           4  main.o(.bss.steeringgear)
    tempspeed                                0x20000b5c   Data          16  chassiscontroller.o(.bss.tempspeed)
    uwTick                                   0x20000b6c   Data           4  stm32f4xx_hal.o(.bss.uwTick)



==============================================================================

Memory Map of the image

  Image Entry point : 0x08000189

  Load Region LR_IROM1 (Base: 0x08000000, Size: 0x000087c8, Max: 0x00100000, ABSOLUTE)

    Execution Region ER_IROM1 (Exec base: 0x08000000, Load base: 0x08000000, Size: 0x000087a4, Max: 0x00100000, ABSOLUTE)

    Exec Addr    Load Addr    Size         Type   Attr      Idx    E Section Name        Object

    0x08000000   0x08000000   0x00000188   Data   RO            3    RESET               startup_stm32f407xx.o
    0x08000188   0x08000188   0x00000008   Code   RO         1776  * !!!main             c_w.l(__main.o)
    0x08000190   0x08000190   0x00000034   Code   RO         2130    !!!scatter          c_w.l(__scatter.o)
    0x080001c4   0x080001c4   0x0000001a   Code   RO         2132    !!handler_copy      c_w.l(__scatter_copy.o)
    0x080001de   0x080001de   0x00000002   PAD
    0x080001e0   0x080001e0   0x0000001c   Code   RO         2134    !!handler_zi        c_w.l(__scatter_zi.o)
    0x080001fc   0x080001fc   0x00000002   Code   RO         2070    .ARM.Collect$$libinit$$00000000  c_w.l(libinit.o)
    0x080001fe   0x080001fe   0x00000004   Code   RO         1882    .ARM.Collect$$libinit$$00000001  c_w.l(libinit2.o)
    0x08000202   0x08000202   0x00000000   Code   RO         1885    .ARM.Collect$$libinit$$00000004  c_w.l(libinit2.o)
    0x08000202   0x08000202   0x00000008   Code   RO         1886    .ARM.Collect$$libinit$$00000005  c_w.l(libinit2.o)
    0x0800020a   0x0800020a   0x00000000   Code   RO         1888    .ARM.Collect$$libinit$$0000000A  c_w.l(libinit2.o)
    0x0800020a   0x0800020a   0x00000000   Code   RO         1890    .ARM.Collect$$libinit$$0000000C  c_w.l(libinit2.o)
    0x0800020a   0x0800020a   0x00000000   Code   RO         1892    .ARM.Collect$$libinit$$0000000E  c_w.l(libinit2.o)
    0x0800020a   0x0800020a   0x00000000   Code   RO         1895    .ARM.Collect$$libinit$$00000011  c_w.l(libinit2.o)
    0x0800020a   0x0800020a   0x00000000   Code   RO         1897    .ARM.Collect$$libinit$$00000013  c_w.l(libinit2.o)
    0x0800020a   0x0800020a   0x00000000   Code   RO         1899    .ARM.Collect$$libinit$$00000015  c_w.l(libinit2.o)
    0x0800020a   0x0800020a   0x00000000   Code   RO         1901    .ARM.Collect$$libinit$$00000017  c_w.l(libinit2.o)
    0x0800020a   0x0800020a   0x00000000   Code   RO         1903    .ARM.Collect$$libinit$$00000019  c_w.l(libinit2.o)
    0x0800020a   0x0800020a   0x00000000   Code   RO         1905    .ARM.Collect$$libinit$$0000001B  c_w.l(libinit2.o)
    0x0800020a   0x0800020a   0x00000000   Code   RO         1907    .ARM.Collect$$libinit$$0000001D  c_w.l(libinit2.o)
    0x0800020a   0x0800020a   0x00000000   Code   RO         1909    .ARM.Collect$$libinit$$0000001F  c_w.l(libinit2.o)
    0x0800020a   0x0800020a   0x00000000   Code   RO         1911    .ARM.Collect$$libinit$$00000021  c_w.l(libinit2.o)
    0x0800020a   0x0800020a   0x00000000   Code   RO         1913    .ARM.Collect$$libinit$$00000023  c_w.l(libinit2.o)
    0x0800020a   0x0800020a   0x00000000   Code   RO         1915    .ARM.Collect$$libinit$$00000025  c_w.l(libinit2.o)
    0x0800020a   0x0800020a   0x00000000   Code   RO         1919    .ARM.Collect$$libinit$$0000002C  c_w.l(libinit2.o)
    0x0800020a   0x0800020a   0x00000000   Code   RO         1921    .ARM.Collect$$libinit$$0000002E  c_w.l(libinit2.o)
    0x0800020a   0x0800020a   0x00000000   Code   RO         1923    .ARM.Collect$$libinit$$00000030  c_w.l(libinit2.o)
    0x0800020a   0x0800020a   0x00000004   Code   RO         1924    .ARM.Collect$$libinit$$00000031  c_w.l(libinit2.o)
    0x0800020e   0x0800020e   0x00000000   Code   RO         1925    .ARM.Collect$$libinit$$00000032  c_w.l(libinit2.o)
    0x0800020e   0x0800020e   0x00000002   Code   RO         1926    .ARM.Collect$$libinit$$00000033  c_w.l(libinit2.o)
    0x08000210   0x08000210   0x00000002   Code   RO         2128    .ARM.Collect$$libshutdown$$00000000  c_w.l(libshutdown.o)
    0x08000212   0x08000212   0x00000006   Code   RO         2071    .ARM.Collect$$libshutdown$$00000001  c_w.l(libshutdown2.o)
    0x08000218   0x08000218   0x00000000   Code   RO         2072    .ARM.Collect$$libshutdown$$00000002  c_w.l(libshutdown2.o)
    0x08000218   0x08000218   0x00000000   Code   RO         2074    .ARM.Collect$$libshutdown$$00000004  c_w.l(libshutdown2.o)
    0x08000218   0x08000218   0x00000000   Code   RO         2077    .ARM.Collect$$libshutdown$$00000007  c_w.l(libshutdown2.o)
    0x08000218   0x08000218   0x00000000   Code   RO         2080    .ARM.Collect$$libshutdown$$0000000A  c_w.l(libshutdown2.o)
    0x08000218   0x08000218   0x00000000   Code   RO         2082    .ARM.Collect$$libshutdown$$0000000C  c_w.l(libshutdown2.o)
    0x08000218   0x08000218   0x00000000   Code   RO         2085    .ARM.Collect$$libshutdown$$0000000F  c_w.l(libshutdown2.o)
    0x08000218   0x08000218   0x00000002   Code   RO         2086    .ARM.Collect$$libshutdown$$00000010  c_w.l(libshutdown2.o)
    0x0800021a   0x0800021a   0x00000000   Code   RO         1838    .ARM.Collect$$rtentry$$00000000  c_w.l(__rtentry.o)
    0x0800021a   0x0800021a   0x00000000   Code   RO         1982    .ARM.Collect$$rtentry$$00000002  c_w.l(__rtentry2.o)
    0x0800021a   0x0800021a   0x00000006   Code   RO         1994    .ARM.Collect$$rtentry$$00000004  c_w.l(__rtentry4.o)
    0x08000220   0x08000220   0x00000000   Code   RO         1984    .ARM.Collect$$rtentry$$00000009  c_w.l(__rtentry2.o)
    0x08000220   0x08000220   0x00000004   Code   RO         1985    .ARM.Collect$$rtentry$$0000000A  c_w.l(__rtentry2.o)
    0x08000224   0x08000224   0x00000000   Code   RO         1987    .ARM.Collect$$rtentry$$0000000C  c_w.l(__rtentry2.o)
    0x08000224   0x08000224   0x00000008   Code   RO         1988    .ARM.Collect$$rtentry$$0000000D  c_w.l(__rtentry2.o)
    0x0800022c   0x0800022c   0x00000002   Code   RO         2087    .ARM.Collect$$rtexit$$00000000  c_w.l(rtexit.o)
    0x0800022e   0x0800022e   0x00000000   Code   RO         2106    .ARM.Collect$$rtexit$$00000002  c_w.l(rtexit2.o)
    0x0800022e   0x0800022e   0x00000004   Code   RO         2107    .ARM.Collect$$rtexit$$00000003  c_w.l(rtexit2.o)
    0x08000232   0x08000232   0x00000006   Code   RO         2108    .ARM.Collect$$rtexit$$00000004  c_w.l(rtexit2.o)
    0x08000238   0x08000238   0x00000040   Code   RO            4    .text               startup_stm32f407xx.o
    0x08000278   0x08000278   0x0000005e   Code   RO         1706    .text               c_w.l(h1_alloc.o)
    0x080002d6   0x080002d6   0x000000f0   Code   RO         1760    .text               c_w.l(lludivv7m.o)
    0x080003c6   0x080003c6   0x0000000a   Code   RO         1765    .text               c_w.l(cxa_atexit.o)
    0x080003d0   0x080003d0   0x00000064   Code   RO         1770    .text               c_w.l(rt_memcpy_w.o)
    0x08000434   0x08000434   0x0000004e   Code   RO         1772    .text               c_w.l(rt_memclr_w.o)
    0x08000482   0x08000482   0x00000006   Code   RO         1774    .text               c_w.l(heapauxi.o)
    0x08000488   0x08000488   0x00000024   Code   RO         1781    .text               c_w.l(init_aeabi.o)
    0x080004ac   0x080004ac   0x00000008   Code   RO         1846    .text               c_w.l(rt_heap_descriptor_intlibspace.o)
    0x080004b4   0x080004b4   0x00000004   Code   RO         1848    .text               c_w.l(hguard.o)
    0x080004b8   0x080004b8   0x0000008a   Code   RO         1850    .text               c_w.l(init_alloc.o)
    0x08000542   0x08000542   0x0000000e   Code   RO         1856    .text               c_w.l(h1_init.o)
    0x08000550   0x08000550   0x0000004e   Code   RO         1858    .text               c_w.l(h1_free.o)
    0x0800059e   0x0800059e   0x0000002e   Code   RO         1877    .text               c_w.l(aeabi_atexit.o)
    0x080005cc   0x080005cc   0x00000008   Code   RO         1978    .text               c_w.l(libspace.o)
    0x080005d4   0x080005d4   0x00000008   Code   RO         2001    .text               c_w.l(rt_ddtor_pointer_addr_intlibspace.o)
    0x080005dc   0x080005dc   0x00000000   Code   RO         2010    .text               c_w.l(maybetermalloc1.o)
    0x080005dc   0x080005dc   0x00000034   Code   RO         2012    .text               c_w.l(h1_extend.o)
    0x08000610   0x08000610   0x00000016   Code   RO         2016    .text               c_w.l(abort.o)
    0x08000626   0x08000626   0x00000042   Code   RO         2018    .text               c_w.l(cxa_finalize.o)
    0x08000668   0x08000668   0x0000000e   Code   RO         2021    .text               c_w.l(defsig_rtmem_outer.o)
    0x08000676   0x08000676   0x00000002   PAD
    0x08000678   0x08000678   0x0000000c   Code   RO         2034    .text               c_w.l(sys_exit.o)
    0x08000684   0x08000684   0x00000002   Code   RO         2038    .text               c_w.l(use_no_semi.o)
    0x08000686   0x08000686   0x00000000   Code   RO         2040    .text               c_w.l(indicate_semi.o)
    0x08000686   0x08000686   0x0000004a   Code   RO         2041    .text               c_w.l(sys_stackheap_outer.o)
    0x080006d0   0x080006d0   0x00000012   Code   RO         2047    .text               c_w.l(exit.o)
    0x080006e2   0x080006e2   0x0000000a   Code   RO         2049    .text               c_w.l(defsig_exit.o)
    0x080006ec   0x080006ec   0x0000000e   Code   RO         2051    .text               c_w.l(defsig_abrt_outer.o)
    0x080006fa   0x080006fa   0x00000002   PAD
    0x080006fc   0x080006fc   0x00000050   Code   RO         2059    .text               c_w.l(defsig_rtmem_inner.o)
    0x0800074c   0x0800074c   0x00000032   Code   RO         2095    .text               c_w.l(defsig_general.o)
    0x0800077e   0x0800077e   0x00000002   PAD
    0x08000780   0x08000780   0x00000030   Code   RO         2097    .text               c_w.l(defsig_abrt_inner.o)
    0x080007b0   0x080007b0   0x0000000e   Code   RO         2101    .text               c_w.l(sys_wrch.o)
    0x080007be   0x080007be   0x00000002   PAD
    0x080007c0   0x080007c0   0x00000004   Code   RO           92    .text.BusFault_Handler  stm32f4xx_it.o
    0x080007c4   0x080007c4   0x00000010   Code   RO          104    .text.CAN1_RX0_IRQHandler  stm32f4xx_it.o
    0x080007d4   0x080007d4   0x00000010   Code   RO          102    .text.CAN1_TX_IRQHandler  stm32f4xx_it.o
    0x080007e4   0x080007e4   0x00000010   Code   RO          110    .text.CAN2_RX0_IRQHandler  stm32f4xx_it.o
    0x080007f4   0x080007f4   0x00000010   Code   RO          108    .text.CAN2_TX_IRQHandler  stm32f4xx_it.o
    0x08000804   0x08000804   0x00000010   Code   RO          106    .text.DMA2_Stream1_IRQHandler  stm32f4xx_it.o
    0x08000814   0x08000814   0x00000010   Code   RO          112    .text.DMA2_Stream6_IRQHandler  stm32f4xx_it.o
    0x08000824   0x08000824   0x00000056   Code   RO          402    .text.DMA_CalcBaseAndBitshift  stm32f4xx_hal_dma.o
    0x0800087a   0x0800087a   0x00000002   PAD
    0x0800087c   0x0800087c   0x000000f0   Code   RO          400    .text.DMA_CheckFifoParam  stm32f4xx_hal_dma.o
    0x0800096c   0x0800096c   0x00000002   Code   RO           98    .text.DebugMon_Handler  stm32f4xx_it.o
    0x0800096e   0x0800096e   0x00000002   PAD
    0x08000970   0x08000970   0x00000006   Code   RO           41    .text.Error_Handler  main.o
    0x08000976   0x08000976   0x00000002   PAD
    0x08000978   0x08000978   0x00000052   Code   RO          179    .text.HAL_CAN_ActivateNotification  stm32f4xx_hal_can.o
    0x080009ca   0x080009ca   0x00000002   PAD
    0x080009cc   0x080009cc   0x00000156   Code   RO          165    .text.HAL_CAN_AddTxMessage  stm32f4xx_hal_can.o
    0x08000b22   0x08000b22   0x00000002   PAD
    0x08000b24   0x08000b24   0x0000019e   Code   RO          155    .text.HAL_CAN_ConfigFilter  stm32f4xx_hal_can.o
    0x08000cc2   0x08000cc2   0x00000002   PAD
    0x08000cc4   0x08000cc4   0x00000008   Code   RO          209    .text.HAL_CAN_ErrorCallback  stm32f4xx_hal_can.o
    0x08000ccc   0x08000ccc   0x00000212   Code   RO          175    .text.HAL_CAN_GetRxMessage  stm32f4xx_hal_can.o
    0x08000ede   0x08000ede   0x00000002   PAD
    0x08000ee0   0x08000ee0   0x00000070   Code   RO          169    .text.HAL_CAN_GetTxMailboxesFreeLevel  stm32f4xx_hal_can.o
    0x08000f50   0x08000f50   0x000003f2   Code   RO          183    .text.HAL_CAN_IRQHandler  stm32f4xx_hal_can.o
    0x08001342   0x08001342   0x00000002   PAD
    0x08001344   0x08001344   0x000001de   Code   RO          145    .text.HAL_CAN_Init  stm32f4xx_hal_can.o
    0x08001522   0x08001522   0x00000002   PAD
    0x08001524   0x08001524   0x000001a8   Code   RO          123    .text.HAL_CAN_MspInit  stm32f4xx_hal_msp.o
    0x080016cc   0x080016cc   0x00000008   Code   RO          197    .text.HAL_CAN_RxFifo0FullCallback  stm32f4xx_hal_can.o
    0x080016d4   0x080016d4   0x0000007c   Code   RO         1168    .text.HAL_CAN_RxFifo0MsgPendingCallback  bsp_can.o
    0x08001750   0x08001750   0x00000008   Code   RO          201    .text.HAL_CAN_RxFifo1FullCallback  stm32f4xx_hal_can.o
    0x08001758   0x08001758   0x00000008   Code   RO          203    .text.HAL_CAN_RxFifo1MsgPendingCallback  stm32f4xx_hal_can.o
    0x08001760   0x08001760   0x00000008   Code   RO          205    .text.HAL_CAN_SleepCallback  stm32f4xx_hal_can.o
    0x08001768   0x08001768   0x0000008a   Code   RO          157    .text.HAL_CAN_Start  stm32f4xx_hal_can.o
    0x080017f2   0x080017f2   0x00000002   PAD
    0x080017f4   0x080017f4   0x00000008   Code   RO          187    .text.HAL_CAN_TxMailbox0AbortCallback  stm32f4xx_hal_can.o
    0x080017fc   0x080017fc   0x00000008   Code   RO          185    .text.HAL_CAN_TxMailbox0CompleteCallback  stm32f4xx_hal_can.o
    0x08001804   0x08001804   0x00000008   Code   RO          191    .text.HAL_CAN_TxMailbox1AbortCallback  stm32f4xx_hal_can.o
    0x0800180c   0x0800180c   0x00000008   Code   RO          189    .text.HAL_CAN_TxMailbox1CompleteCallback  stm32f4xx_hal_can.o
    0x08001814   0x08001814   0x00000008   Code   RO          195    .text.HAL_CAN_TxMailbox2AbortCallback  stm32f4xx_hal_can.o
    0x0800181c   0x0800181c   0x00000008   Code   RO          193    .text.HAL_CAN_TxMailbox2CompleteCallback  stm32f4xx_hal_can.o
    0x08001824   0x08001824   0x00000008   Code   RO          207    .text.HAL_CAN_WakeUpFromRxMsgCallback  stm32f4xx_hal_can.o
    0x0800182c   0x0800182c   0x000000ec   Code   RO          412    .text.HAL_DMA_Abort  stm32f4xx_hal_dma.o
    0x08001918   0x08001918   0x00000044   Code   RO          414    .text.HAL_DMA_Abort_IT  stm32f4xx_hal_dma.o
    0x0800195c   0x0800195c   0x0000031e   Code   RO          418    .text.HAL_DMA_IRQHandler  stm32f4xx_hal_dma.o
    0x08001c7a   0x08001c7a   0x00000002   PAD
    0x08001c7c   0x08001c7c   0x0000016e   Code   RO          398    .text.HAL_DMA_Init  stm32f4xx_hal_dma.o
    0x08001dea   0x08001dea   0x00000002   PAD
    0x08001dec   0x08001dec   0x000003b6   Code   RO          360    .text.HAL_GPIO_Init  stm32f4xx_hal_gpio.o
    0x080021a2   0x080021a2   0x00000002   PAD
    0x080021a4   0x080021a4   0x0000002e   Code   RO          366    .text.HAL_GPIO_WritePin  stm32f4xx_hal_gpio.o
    0x080021d2   0x080021d2   0x00000002   PAD
    0x080021d4   0x080021d4   0x0000000c   Code   RO          585    .text.HAL_GetTick   stm32f4xx_hal.o
    0x080021e0   0x080021e0   0x0000001a   Code   RO          583    .text.HAL_IncTick   stm32f4xx_hal.o
    0x080021fa   0x080021fa   0x00000002   PAD
    0x080021fc   0x080021fc   0x0000003c   Code   RO          573    .text.HAL_Init      stm32f4xx_hal.o
    0x08002238   0x08002238   0x00000070   Code   RO          575    .text.HAL_InitTick  stm32f4xx_hal.o
    0x080022a8   0x080022a8   0x0000004a   Code   RO          121    .text.HAL_MspInit   stm32f4xx_hal_msp.o
    0x080022f2   0x080022f2   0x00000002   PAD
    0x080022f4   0x080022f4   0x00000014   Code   RO          508    .text.HAL_NVIC_EnableIRQ  stm32f4xx_hal_cortex.o
    0x08002308   0x08002308   0x00000032   Code   RO          500    .text.HAL_NVIC_SetPriority  stm32f4xx_hal_cortex.o
    0x0800233a   0x0800233a   0x00000002   PAD
    0x0800233c   0x0800233c   0x00000010   Code   RO          496    .text.HAL_NVIC_SetPriorityGrouping  stm32f4xx_hal_cortex.o
    0x0800234c   0x0800234c   0x00000262   Code   RO          228    .text.HAL_RCC_ClockConfig  stm32f4xx_hal_rcc.o
    0x080025ae   0x080025ae   0x00000002   PAD
    0x080025b0   0x080025b0   0x0000000c   Code   RO          238    .text.HAL_RCC_GetHCLKFreq  stm32f4xx_hal_rcc.o
    0x080025bc   0x080025bc   0x00000022   Code   RO          240    .text.HAL_RCC_GetPCLK1Freq  stm32f4xx_hal_rcc.o
    0x080025de   0x080025de   0x00000002   PAD
    0x080025e0   0x080025e0   0x00000022   Code   RO          242    .text.HAL_RCC_GetPCLK2Freq  stm32f4xx_hal_rcc.o
    0x08002602   0x08002602   0x00000002   PAD
    0x08002604   0x08002604   0x000000e6   Code   RO          230    .text.HAL_RCC_GetSysClockFreq  stm32f4xx_hal_rcc.o
    0x080026ea   0x080026ea   0x00000002   PAD
    0x080026ec   0x080026ec   0x000006be   Code   RO          226    .text.HAL_RCC_OscConfig  stm32f4xx_hal_rcc.o
    0x08002daa   0x08002daa   0x00000002   PAD
    0x08002dac   0x08002dac   0x00000034   Code   RO          560    .text.HAL_SYSTICK_CLKSourceConfig  stm32f4xx_hal_cortex.o
    0x08002de0   0x08002de0   0x00000010   Code   RO          520    .text.HAL_SYSTICK_Config  stm32f4xx_hal_cortex.o
    0x08002df0   0x08002df0   0x000000b2   Code   RO          988    .text.HAL_TIMEx_ConfigBreakDeadTime  stm32f4xx_hal_tim_ex.o
    0x08002ea2   0x08002ea2   0x00000002   PAD
    0x08002ea4   0x08002ea4   0x00000122   Code   RO          986    .text.HAL_TIMEx_MasterConfigSynchronization  stm32f4xx_hal_tim_ex.o
    0x08002fc6   0x08002fc6   0x00000002   PAD
    0x08002fc8   0x08002fc8   0x0000009c   Code   RO          673    .text.HAL_TIM_Base_Init  stm32f4xx_hal_tim.o
    0x08003064   0x08003064   0x00000074   Code   RO          127    .text.HAL_TIM_Base_MspInit  stm32f4xx_hal_msp.o
    0x080030d8   0x080030d8   0x00000184   Code   RO          865    .text.HAL_TIM_ConfigClockSource  stm32f4xx_hal_tim.o
    0x0800325c   0x0800325c   0x00000112   Code   RO          129    .text.HAL_TIM_MspPostInit  stm32f4xx_hal_msp.o
    0x0800336e   0x0800336e   0x00000002   PAD
    0x08003370   0x08003370   0x00000142   Code   RO          839    .text.HAL_TIM_PWM_ConfigChannel  stm32f4xx_hal_tim.o
    0x080034b2   0x080034b2   0x00000002   PAD
    0x080034b4   0x080034b4   0x0000009c   Code   RO          727    .text.HAL_TIM_PWM_Init  stm32f4xx_hal_tim.o
    0x08003550   0x08003550   0x00000008   Code   RO          729    .text.HAL_TIM_PWM_MspInit  stm32f4xx_hal_tim.o
    0x08003558   0x08003558   0x000001ca   Code   RO          735    .text.HAL_TIM_PWM_Start  stm32f4xx_hal_tim.o
    0x08003722   0x08003722   0x00000002   PAD
    0x08003724   0x08003724   0x0000000c   Code   RO         1251    .text.HAL_UARTEx_RxEventCallback  bsp_usart.o
    0x08003730   0x08003730   0x00000008   Code   RO         1099    .text.HAL_UART_ErrorCallback  stm32f4xx_hal_uart.o
    0x08003738   0x08003738   0x0000045c   Code   RO         1093    .text.HAL_UART_IRQHandler  stm32f4xx_hal_uart.o
    0x08003b94   0x08003b94   0x0000009e   Code   RO         1009    .text.HAL_UART_Init  stm32f4xx_hal_uart.o
    0x08003c32   0x08003c32   0x00000002   PAD
    0x08003c34   0x08003c34   0x00000156   Code   RO          133    .text.HAL_UART_MspInit  stm32f4xx_hal_msp.o
    0x08003d8a   0x08003d8a   0x00000002   PAD
    0x08003d8c   0x08003d8c   0x00000056   Code   RO         1033    .text.HAL_UART_Receive_IT  stm32f4xx_hal_uart.o
    0x08003de2   0x08003de2   0x00000002   PAD
    0x08003de4   0x08003de4   0x00000056   Code   RO         1247    .text.HAL_UART_RxCpltCallback  bsp_usart.o
    0x08003e3a   0x08003e3a   0x00000002   PAD
    0x08003e3c   0x08003e3c   0x00000008   Code   RO         1245    .text.HAL_UART_TxCpltCallback  bsp_usart.o
    0x08003e44   0x08003e44   0x00000004   Code   RO           88    .text.HardFault_Handler  stm32f4xx_it.o
    0x08003e48   0x08003e48   0x00000004   Code   RO           90    .text.MemManage_Handler  stm32f4xx_it.o
    0x08003e4c   0x08003e4c   0x00000004   Code   RO           86    .text.NMI_Handler   stm32f4xx_it.o
    0x08003e50   0x08003e50   0x0000006c   Code   RO          506    .text.NVIC_EncodePriority  stm32f4xx_hal_cortex.o
    0x08003ebc   0x08003ebc   0x00000002   Code   RO          100    .text.PendSV_Handler  stm32f4xx_it.o
    0x08003ebe   0x08003ebe   0x00000002   PAD
    0x08003ec0   0x08003ec0   0x00000002   Code   RO           96    .text.SVC_Handler   stm32f4xx_it.o
    0x08003ec2   0x08003ec2   0x00000002   PAD
    0x08003ec4   0x08003ec4   0x00000052   Code   RO          522    .text.SysTick_Config  stm32f4xx_hal_cortex.o
    0x08003f16   0x08003f16   0x00000002   PAD
    0x08003f18   0x08003f18   0x00000034   Code   RO           21    .text.SysTick_Handler  main.o
    0x08003f4c   0x08003f4c   0x00000012   Code   RO         1140    .text.SystemInit    system_stm32f4xx.o
    0x08003f5e   0x08003f5e   0x00000002   PAD
    0x08003f60   0x08003f60   0x000001a4   Code   RO          677    .text.TIM_Base_SetConfig  stm32f4xx_hal_tim.o
    0x08004104   0x08004104   0x00000036   Code   RO          711    .text.TIM_CCxChannelCmd  stm32f4xx_hal_tim.o
    0x0800413a   0x0800413a   0x00000002   PAD
    0x0800413c   0x0800413c   0x00000034   Code   RO          863    .text.TIM_ETR_SetConfig  stm32f4xx_hal_tim.o
    0x08004170   0x08004170   0x0000002a   Code   RO          869    .text.TIM_ITRx_SetConfig  stm32f4xx_hal_tim.o
    0x0800419a   0x0800419a   0x00000002   PAD
    0x0800419c   0x0800419c   0x000000ea   Code   RO          821    .text.TIM_OC1_SetConfig  stm32f4xx_hal_tim.o
    0x08004286   0x08004286   0x00000002   PAD
    0x08004288   0x08004288   0x000000f4   Code   RO          823    .text.TIM_OC2_SetConfig  stm32f4xx_hal_tim.o
    0x0800437c   0x0800437c   0x000000f2   Code   RO          825    .text.TIM_OC3_SetConfig  stm32f4xx_hal_tim.o
    0x0800446e   0x0800446e   0x00000002   PAD
    0x08004470   0x08004470   0x000000a4   Code   RO          827    .text.TIM_OC4_SetConfig  stm32f4xx_hal_tim.o
    0x08004514   0x08004514   0x00000050   Code   RO          867    .text.TIM_TI1_ConfigInputStage  stm32f4xx_hal_tim.o
    0x08004564   0x08004564   0x00000052   Code   RO          871    .text.TIM_TI2_ConfigInputStage  stm32f4xx_hal_tim.o
    0x080045b6   0x080045b6   0x00000002   PAD
    0x080045b8   0x080045b8   0x0000001c   Code   RO         1097    .text.UART_DMAAbortOnError  stm32f4xx_hal_uart.o
    0x080045d4   0x080045d4   0x00000094   Code   RO         1057    .text.UART_EndRxTransfer  stm32f4xx_hal_uart.o
    0x08004668   0x08004668   0x00000026   Code   RO         1105    .text.UART_EndTransmit_IT  stm32f4xx_hal_uart.o
    0x0800468e   0x0800468e   0x00000002   PAD
    0x08004690   0x08004690   0x00000168   Code   RO         1095    .text.UART_Receive_IT  stm32f4xx_hal_uart.o
    0x080047f8   0x080047f8   0x0000013a   Code   RO         1013    .text.UART_SetConfig  stm32f4xx_hal_uart.o
    0x08004932   0x08004932   0x00000002   PAD
    0x08004934   0x08004934   0x00000062   Code   RO         1035    .text.UART_Start_Receive_IT  stm32f4xx_hal_uart.o
    0x08004996   0x08004996   0x00000002   PAD
    0x08004998   0x08004998   0x00000094   Code   RO         1103    .text.UART_Transmit_IT  stm32f4xx_hal_uart.o
    0x08004a2c   0x08004a2c   0x00000010   Code   RO         1249    .text.USART6_IRQHandler  bsp_usart.o
    0x08004a3c   0x08004a3c   0x00000004   Code   RO           94    .text.UsageFault_Handler  stm32f4xx_it.o
    0x08004a40   0x08004a40   0x00000014   Code   RO           43    .text._GLOBAL__sub_I_main.cpp  main.o
    0x08004a54   0x08004a54   0x00000036   Code   RO         1397    .text._Z10LED_ALL_ONv  led.o
    0x08004a8a   0x08004a8a   0x00000002   PAD
    0x08004a8c   0x08004a8c   0x00000008   Code   RO         1239    .text._Z10USART_Initv  bsp_usart.o
    0x08004a94   0x08004a94   0x0000001a   Code   RO         1241    .text._Z11USART6_Initv  bsp_usart.o
    0x08004aae   0x08004aae   0x00000002   PAD
    0x08004ab0   0x08004ab0   0x0000003c   Code   RO         1164    .text._Z12CAN_TransmitP17CAN_HandleTypeDefjPht  bsp_can.o
    0x08004aec   0x08004aec   0x0000005e   Code   RO         1228    .text._Z13PWM_SetPeriodP17TIM_HandleTypeDeff  bsp_tim.o
    0x08004b4a   0x08004b4a   0x00000002   PAD
    0x08004b4c   0x08004b4c   0x00000054   Code   RO           19    .text._Z15EnableSystickITv  main.o
    0x08004ba0   0x08004ba0   0x00000130   Code   RO         1230    .text._Z16PWM_SetDutyRatioP17TIM_HandleTypeDeffj  bsp_tim.o
    0x08004cd0   0x08004cd0   0x000000fc   Code   RO         1188    .text._Z17DWT_SysTimeUpdatev  bsp_dwt.o
    0x08004dcc   0x08004dcc   0x0000004c   Code   RO         1192    .text._Z18DWT_GetTimeline_msv  bsp_dwt.o
    0x08004e18   0x08004e18   0x000000bc   Code   RO           25    .text._Z18SystemClock_Configv  main.o
    0x08004ed4   0x08004ed4   0x00000066   Code   RO         1430    .text._Z19Get_CRC16_Check_SumPKhjt  crc.o
    0x08004f3a   0x08004f3a   0x00000002   PAD
    0x08004f3c   0x08004f3c   0x00000076   Code   RO         1432    .text._Z22Verify_CRC16_Check_SumPKhj  crc.o
    0x08004fb2   0x08004fb2   0x00000002   PAD
    0x08004fb4   0x08004fb4   0x00000064   Code   RO         1162    .text._Z8CAN_Initv  bsp_can.o
    0x08005018   0x08005018   0x0000008e   Code   RO         1180    .text._Z8DWT_Initj  bsp_dwt.o
    0x080050a6   0x080050a6   0x00000002   PAD
    0x080050a8   0x080050a8   0x00000016   Code   RO         1154    .text._Z8bsp_initv  bsp.o
    0x080050be   0x080050be   0x00000002   PAD
    0x080050c0   0x080050c0   0x00000056   Code   RO         1216    .text._Z9GPIO_Initv  bsp_gpio.o
    0x08005116   0x08005116   0x00000002   PAD
    0x08005118   0x08005118   0x00000014   Code   RO         1224    .text._Z9PWM_StartP17TIM_HandleTypeDefj  bsp_tim.o
    0x0800512c   0x0800512c   0x00000050   Code   RO           29    .text._ZL11MX_DMA_Initv  main.o
    0x0800517c   0x0800517c   0x0000004e   Code   RO           31    .text._ZL12MX_CAN1_Initv  main.o
    0x080051ca   0x080051ca   0x00000002   PAD
    0x080051cc   0x080051cc   0x0000004e   Code   RO           33    .text._ZL12MX_CAN2_Initv  main.o
    0x0800521a   0x0800521a   0x00000002   PAD
    0x0800521c   0x0800521c   0x00000158   Code   RO           27    .text._ZL12MX_GPIO_Initv  main.o
    0x08005374   0x08005374   0x0000016a   Code   RO           37    .text._ZL12MX_TIM1_Initv  main.o
    0x080054de   0x080054de   0x00000002   PAD
    0x080054e0   0x080054e0   0x00000152   Code   RO           39    .text._ZL12MX_TIM8_Initv  main.o
    0x08005632   0x08005632   0x00000002   PAD
    0x08005634   0x08005634   0x00000070   Code   RO         1182    .text._ZL14DWT_CNT_Updatev  bsp_dwt.o
    0x080056a4   0x080056a4   0x000000ae   Code   RO         1560    .text._ZL16f_Integral_LimitP3PID  pid.o
    0x08005752   0x08005752   0x00000002   PAD
    0x08005754   0x08005754   0x00000040   Code   RO           35    .text._ZL19MX_USART6_UART_Initv  main.o
    0x08005794   0x08005794   0x00000004   PAD
    0x08005798   0x08005798   0x00000140   Code   RO         1562    .text._ZL19f_PID_BlockedHandleP3PID  pid.o
    0x080058d8   0x080058d8   0x0000004e   Code   RO         1556    .text._ZL21f_Integral_SeparationP3PID  pid.o
    0x08005926   0x08005926   0x00000002   PAD
    0x08005928   0x08005928   0x0000002a   Code   RO         1552    .text._ZL21f_Trapezoid_IntergralP3PID  pid.o
    0x08005952   0x08005952   0x00000002   PAD
    0x08005954   0x08005954   0x000000ac   Code   RO         1558    .text._ZL24f_Changing_Integral_RateP3PID  pid.o
    0x08005a00   0x08005a00   0x00000022   Code   RO         1554    .text._ZL27f_Derivative_On_MeasurementP3PID  pid.o
    0x08005a22   0x08005a22   0x00000002   PAD
    0x08005a24   0x08005a24   0x00000012   Code   RO         1484    .text._ZN12KalmanFilter4SetQEf  kalmanfilter.o
    0x08005a36   0x08005a36   0x00000002   PAD
    0x08005a38   0x08005a38   0x00000012   Code   RO         1486    .text._ZN12KalmanFilter4SetREf  kalmanfilter.o
    0x08005a4a   0x08005a4a   0x00000002   PAD
    0x08005a4c   0x08005a4c   0x00000030   Code   RO         1480    .text._ZN12KalmanFilter5ClearEv  kalmanfilter.o
    0x08005a7c   0x08005a7c   0x0000006e   Code   RO         1488    .text._ZN12KalmanFilter6UpdateEf  kalmanfilter.o
    0x08005aea   0x08005aea   0x00000002   PAD
    0x08005aec   0x08005aec   0x00000030   Code   RO         1478    .text._ZN12KalmanFilterC2Ev  kalmanfilter.o
    0x08005b1c   0x08005b1c   0x00000016   Code   RO           76    .text._ZN12StateMachineC2Ev  main.o
    0x08005b32   0x08005b32   0x00000002   PAD
    0x08005b34   0x08005b34   0x00000070   Code   RO         1419    .text._ZN12SteeringGear4InitEv  steeringgear.o
    0x08005ba4   0x08005ba4   0x0000000a   Code   RO           70    .text._ZN12SteeringGear8InstanceEv  main.o
    0x08005bae   0x08005bae   0x00000002   PAD
    0x08005bb0   0x08005bb0   0x00000108   Code   RO         1421    .text._ZN12SteeringGear8SetAngleEii  steeringgear.o
    0x08005cb8   0x08005cb8   0x0000011e   Code   RO         1311    .text._ZN15DJIMotorHandler13registerMotorEP8DJIMotorP17CAN_HandleTypeDeft  djimotorhandler.o
    0x08005dd6   0x08005dd6   0x00000002   PAD
    0x08005dd8   0x08005dd8   0x00000076   Code   RO         1315    .text._ZN15DJIMotorHandler14updateFeedbackEP17CAN_HandleTypeDefPhi  djimotorhandler.o
    0x08005e4e   0x08005e4e   0x00000002   PAD
    0x08005e50   0x08005e50   0x00000286   Code   RO         1313    .text._ZN15DJIMotorHandler15sendControlDataEv  djimotorhandler.o
    0x080060d6   0x080060d6   0x00000002   PAD
    0x080060d8   0x080060d8   0x00000234   Code   RO         1317    .text._ZN15DJIMotorHandler16UpdateSensorDataEP8DJIMotorPh  djimotorhandler.o
    0x0800630c   0x0800630c   0x00000066   Code   RO           64    .text._ZN15DJIMotorHandler8InstanceEv  main.o
    0x08006372   0x08006372   0x00000002   PAD
    0x08006374   0x08006374   0x000000f6   Code   RO         1307    .text._ZN15DJIMotorHandlerC2Ev  djimotorhandler.o
    0x0800646a   0x0800646a   0x00000002   PAD
    0x0800646c   0x0800646c   0x0000000a   Code   RO         1309    .text._ZN15DJIMotorHandlerD2Ev  djimotorhandler.o
    0x08006476   0x08006476   0x00000002   PAD
    0x08006478   0x08006478   0x00000310   Code   RO         1271    .text._ZN17ChassisController11HandleInputEv  chassiscontroller.o
    0x08006788   0x08006788   0x00000160   Code   RO         1269    .text._ZN17ChassisController28Kinematic_Inverse_ResolutionEPP5M2006  chassiscontroller.o
    0x080068e8   0x080068e8   0x0000008c   Code   RO         1267    .text._ZN17ChassisController3RunEv  chassiscontroller.o
    0x08006974   0x08006974   0x000002fa   Code   RO         1265    .text._ZN17ChassisController4InitEv  chassiscontroller.o
    0x08006c6e   0x08006c6e   0x00000002   PAD
    0x08006c70   0x08006c70   0x00000066   Code   RO           66    .text._ZN17ChassisController8InstanceEv  main.o
    0x08006cd6   0x08006cd6   0x00000002   PAD
    0x08006cd8   0x08006cd8   0x000000ec   Code   RO           72    .text._ZN17ChassisControllerC2Ev  main.o
    0x08006dc4   0x08006dc4   0x00000046   Code   RO           74    .text._ZN17ChassisControllerD2Ev  main.o
    0x08006e0a   0x08006e0a   0x00000002   PAD
    0x08006e0c   0x08006e0c   0x0000025c   Code   RO         1550    .text._ZN3PID12UpdateResultEv  pid.o
    0x08007068   0x08007068   0x00000030   Code   RO         1564    .text._ZN3PID5ClearEv  pid.o
    0x08007098   0x08007098   0x00000032   Code   RO         1548    .text._ZN3PIDC2Ev   pid.o
    0x080070ca   0x080070ca   0x00000002   PAD
    0x080070cc   0x080070cc   0x0000006c   Code   RO         1501    .text._ZN4Math14FloatConstrainEfff  math.o
    0x08007138   0x08007138   0x0000005a   Code   RO         1503    .text._ZN4Math8LimitABSEff  math.o
    0x08007192   0x08007192   0x00000002   PAD
    0x08007194   0x08007194   0x00000036   Code   RO         1357    .text._ZN5M200610AliveCheckEv  m2006.o
    0x080071ca   0x080071ca   0x00000002   PAD
    0x080071cc   0x080071cc   0x00000038   Code   RO         1359    .text._ZN5M200612BlockedCheckEv  m2006.o
    0x08007204   0x08007204   0x000000e4   Code   RO         1355    .text._ZN5M20069setOutputEv  m2006.o
    0x080072e8   0x080072e8   0x00000084   Code   RO         1351    .text._ZN5M2006C2Ev  m2006.o
    0x0800736c   0x0800736c   0x0000000a   Code   RO         1353    .text._ZN5M2006D2Ev  m2006.o
    0x08007376   0x08007376   0x00000002   PAD
    0x08007378   0x08007378   0x0000008c   Code   RO         1347    .text._ZN8DJIMotorC2Ev  gm6020.o
    0x08007404   0x08007404   0x0000001a   Code   RO         1408    .text._ZN8MaixComm4InitEv  maixcomm.o
    0x0800741e   0x0800741e   0x00000002   PAD
    0x08007420   0x08007420   0x00000078   Code   RO         1410    .text._ZN8MaixComm6UpdateEv  maixcomm.o
    0x08007498   0x08007498   0x0000000a   Code   RO           68    .text._ZN8MaixComm8InstanceEv  main.o
    0x080074a2   0x080074a2   0x00000002   PAD
    0x080074a4   0x080074a4   0x00000030   Code   RO          510    .text.__NVIC_EnableIRQ  stm32f4xx_hal_cortex.o
    0x080074d4   0x080074d4   0x00000010   Code   RO          502    .text.__NVIC_GetPriorityGrouping  stm32f4xx_hal_cortex.o
    0x080074e4   0x080074e4   0x00000042   Code   RO          504    .text.__NVIC_SetPriority  stm32f4xx_hal_cortex.o
    0x08007526   0x08007526   0x00000002   PAD
    0x08007528   0x08007528   0x0000003c   Code   RO          498    .text.__NVIC_SetPriorityGrouping  stm32f4xx_hal_cortex.o
    0x08007564   0x08007564   0x00000028   Code   RO         1809    .text.__cxa_pure_virtual  libcppabi_w.l(cxa_virtual.cpp.o)
    0x0800758c   0x0800758c   0x00000012   Code   RO           11    .text.__cxx_global_var_init  main.o
    0x0800759e   0x0800759e   0x00000002   PAD
    0x080075a0   0x080075a0   0x00000012   Code   RO           13    .text.__cxx_global_var_init.1  main.o
    0x080075b2   0x080075b2   0x00000002   PAD
    0x080075b4   0x080075b4   0x00000012   Code   RO           15    .text.__cxx_global_var_init.2  main.o
    0x080075c6   0x080075c6   0x00000002   PAD
    0x080075c8   0x080075c8   0x00000012   Code   RO           17    .text.__cxx_global_var_init.3  main.o
    0x080075da   0x080075da   0x00000004   Code   RO         1949    .text.abort_message  libcppabi_w.l(abort_message.cpp.o)
    0x080075de   0x080075de   0x00000002   PAD
    0x080075e0   0x080075e0   0x00000098   Code   RO         1574    .text.arm_cos_f32   arm_cortexM4lf_math.lib(arm_cos_f32.o)
    0x08007678   0x08007678   0x00000068   Code   RO           23    .text.main          main.o
    0x080076e0   0x080076e0   0x0000005c   Code   RO         1801    .text.unlikely.__cxa_guard_acquire  libcppabi_w.l(cxa_guard.cpp.o)
    0x0800773c   0x0800773c   0x00000008   Code   RO         1803    .text.unlikely.__cxa_guard_release  libcppabi_w.l(cxa_guard.cpp.o)
    0x08007744   0x08007744   0x0000009a   Code   RO         1832    i.__hardfp_roundf   m_wm.l(roundf.o)
    0x080077de   0x080077de   0x00000018   Code   RO         2030    x$fpl$dcmpinf       fz_wm.l(dcmpi.o)
    0x080077f6   0x080077f6   0x00000002   PAD
    0x080077f8   0x080077f8   0x00000078   Code   RO         1931    x$fpl$deqf          fz_wm.l(deqf.o)
    0x08007870   0x08007870   0x00000078   Code   RO         1933    x$fpl$dgeqf         fz_wm.l(dgeqf.o)
    0x080078e8   0x080078e8   0x00000078   Code   RO         1935    x$fpl$dleqf         fz_wm.l(dleqf.o)
    0x08007960   0x08007960   0x00000154   Code   RO         1796    x$fpl$dmul          fz_wm.l(dmul.o)
    0x08007ab4   0x08007ab4   0x0000009c   Code   RO         1937    x$fpl$dnaninf       fz_wm.l(dnaninf.o)
    0x08007b50   0x08007b50   0x0000000c   Code   RO         1939    x$fpl$dretinf       fz_wm.l(dretinf.o)
    0x08007b5c   0x08007b5c   0x00000056   Code   RO         1798    x$fpl$f2d           fz_wm.l(f2d.o)
    0x08007bb2   0x08007bb2   0x00000054   Code   RO         1784    x$fpl$fcmp          fz_wm.l(dcmp.o)
    0x08007c06   0x08007c06   0x0000008c   Code   RO         1941    x$fpl$fnaninf       fz_wm.l(fnaninf.o)
    0x08007c92   0x08007c92   0x0000001a   Code   RO         2032    x$fpl$fpinit        fz_wm.l(fpinit.o)
    0x08007cac   0x08007cac   0x00000060   Code   RO         1945    x$fpl$frnd          fz_wm.l(frnd.o)
    0x08007d0c   0x08007d0c   0x00000000   Code   RO         1947    x$fpl$usenofp       fz_wm.l(usenofp.o)
    0x08007d0c   0x08007d0c   0x00000010   Data   RO         1145    .rodata.AHBPrescTable  system_stm32f4xx.o
    0x08007d1c   0x08007d1c   0x00000008   Data   RO         1146    .rodata.APBPrescTable  system_stm32f4xx.o
    0x08007d24   0x08007d24   0x00000008   Data   RO          428    .rodata.DMA_CalcBaseAndBitshift.flagBitshiftOffset  stm32f4xx_hal_dma.o
    0x08007d2c   0x08007d2c   0x00000200   Data   RO         1442    .rodata._ZL13W_CRC16_TABLE  crc.o
    0x08007f2c   0x08007f2c   0x00000014   Data   RO           82    .rodata._ZTV12StateMachine  main.o
    0x08007f40   0x08007f40   0x00000014   Data   RO         1295    .rodata._ZTV17ChassisController  chassiscontroller.o
    0x08007f54   0x08007f54   0x00000014   Data   RO         1361    .rodata._ZTV5M2006  m2006.o
    0x08007f68   0x08007f68   0x00000014   Data   RO         1349    .rodata._ZTV8DJIMotor  gm6020.o
    0x08007f7c   0x08007f7c   0x00000804   Data   RO         1695    .rodata.sinTable_f32  arm_cortexM4lf_math.lib(arm_common_tables.o)
    0x08008780   0x08008780   0x00000020   Data   RO         2129    Region$$Table       anon$$obj.o
    0x080087a0   0x080087a0   0x00000004   Data   RO           56    .init_array         main.o
    0x080087a4   0x080087a0   0x00000000   Data   RO         1779    .init_array         c_w.l(init_aeabi.o)


    Execution Region RW_IRAM1 (Exec base: 0x20000000, Load base: 0x080087a8, Size: 0x00001170, Max: 0x0001c000, ABSOLUTE)

    Exec Addr    Load Addr    Size         Type   Attr      Idx    E Section Name        Object

    0x20000000   0x080087a8   0x00000004   Data   RW         1273    .data.K_Q           chassiscontroller.o
    0x20000004   0x080087ac   0x00000004   Data   RW         1274    .data.K_R           chassiscontroller.o
    0x20000008   0x080087b0   0x00000004   Data   RW         1144    .data.SystemCoreClock  system_stm32f4xx.o
    0x2000000c   0x080087b4   0x00000004   Data   RW         1278    .data.VKp           chassiscontroller.o
    0x20000010   0x080087b8   0x00000004   Data   RW         1566    .data.max_delta     pid.o
    0x20000014   0x080087bc   0x00000001   Data   RW          628    .data.uwTickFreq    stm32f4xx_hal.o
    0x20000015   0x080087bd   0x00000003   PAD
    0x20000018   0x080087c0   0x00000004   Data   RW          627    .data.uwTickPrio    stm32f4xx_hal.o
    0x2000001c   0x080087c4   0x00000004   PAD
    0x20000020        -       0x00000060   Zero   RW         1979    .bss                c_w.l(libspace.o)
    0x20000080        -       0x00000004   Zero   RW           52    .bss.DJImotorHandler  main.o
    0x20000084        -       0x00000004   Zero   RW          137    .bss.HAL_RCC_CAN1_CLK_ENABLED  stm32f4xx_hal_msp.o
    0x20000088        -       0x0000000c   Zero   RW         1253    .bss.UART6RxBuffer  bsp_usart.o
    0x20000094        -       0x00000004   Zero   RW         1303    .bss._ZGVZN15DJIMotorHandler8InstanceEvE8instance  chassiscontroller.o
    0x20000098        -       0x00000004   Zero   RW         1263    .bss._ZGVZN17ChassisController8InstanceEvE8instance  bsp_usart.o
    0x2000009c        -       0x00000004   Zero   RW         1198    .bss._ZL11CPU_FREQ_Hz  bsp_dwt.o
    0x200000a0        -       0x00000004   Zero   RW         1208    .bss._ZL11CYCCNT_LAST  bsp_dwt.o
    0x200000a4        -       0x00000004   Zero   RW         1199    .bss._ZL14CPU_FREQ_Hz_ms  bsp_dwt.o
    0x200000a8        -       0x00000004   Zero   RW         1200    .bss._ZL14CPU_FREQ_Hz_us  bsp_dwt.o
    0x200000ac        -       0x00000004   Zero   RW         1294    .bss._ZL14transmit_count  chassiscontroller.o
    0x200000b0        -       0x00000004   Zero   RW         1201    .bss._ZL17CYCCNT_RountCount  bsp_dwt.o
    0x200000b4        -       0x00000008   Zero   RW         1206    .bss._ZL7SysTime    bsp_dwt.o
    0x200000bc   0x080087c4   0x00000004   PAD
    0x200000c0        -       0x00000008   Zero   RW         1205    .bss._ZL8CYCCNT64   bsp_dwt.o
    0x200000c8        -       0x00000008   Zero   RW         1202    .bss._ZZ17DWT_SysTimeUpdatevE9CNT_TEMP1  bsp_dwt.o
    0x200000d0        -       0x00000008   Zero   RW         1203    .bss._ZZ17DWT_SysTimeUpdatevE9CNT_TEMP2  bsp_dwt.o
    0x200000d8        -       0x00000008   Zero   RW         1204    .bss._ZZ17DWT_SysTimeUpdatevE9CNT_TEMP3  bsp_dwt.o
    0x200000e0        -       0x00000001   Zero   RW         1207    .bss._ZZL14DWT_CNT_UpdatevE10bit_locker  bsp_dwt.o
    0x200000e1        -       0x00000001   Zero   RW         1304    .bss._ZZN12SteeringGear8InstanceEvE8instance  chassiscontroller.o
    0x200000e2   0x080087c4   0x00000002   PAD
    0x200000e4        -       0x00000104   Zero   RW         1302    .bss._ZZN15DJIMotorHandler8InstanceEvE8instance  chassiscontroller.o
    0x200001e8        -       0x00000748   Zero   RW         1262    .bss._ZZN17ChassisController8InstanceEvE8instance  bsp_usart.o
    0x20000930        -       0x00000018   Zero   RW         1305    .bss._ZZN8MaixComm8InstanceEvE8instance  chassiscontroller.o
    0x20000948        -       0x00000004   Zero   RW           53    .bss.chassisController  main.o
    0x2000094c        -       0x00000004   Zero   RW         1290    .bss.debug_lf_spd_fdb  chassiscontroller.o
    0x20000950        -       0x00000004   Zero   RW         1289    .bss.debug_lf_spd_set  chassiscontroller.o
    0x20000954        -       0x00000004   Zero   RW         1292    .bss.debug_lr_spd_fdb  chassiscontroller.o
    0x20000958        -       0x00000004   Zero   RW         1291    .bss.debug_lr_spd_set  chassiscontroller.o
    0x2000095c        -       0x00000004   Zero   RW         1286    .bss.debug_rf_spd_fdb  chassiscontroller.o
    0x20000960        -       0x00000004   Zero   RW         1285    .bss.debug_rf_spd_set  chassiscontroller.o
    0x20000964        -       0x00000004   Zero   RW         1288    .bss.debug_rr_spd_fdb  chassiscontroller.o
    0x20000968        -       0x00000004   Zero   RW         1287    .bss.debug_rr_spd_set  chassiscontroller.o
    0x2000096c        -       0x00000028   Zero   RW           45    .bss.hcan1          main.o
    0x20000994        -       0x00000028   Zero   RW           46    .bss.hcan2          main.o
    0x200009bc        -       0x00000060   Zero   RW           50    .bss.hdma_usart6_rx  main.o
    0x20000a1c        -       0x00000060   Zero   RW           51    .bss.hdma_usart6_tx  main.o
    0x20000a7c        -       0x00000048   Zero   RW           47    .bss.htim1          main.o
    0x20000ac4        -       0x00000048   Zero   RW           48    .bss.htim8          main.o
    0x20000b0c        -       0x00000048   Zero   RW           49    .bss.huart6         main.o
    0x20000b54        -       0x00000004   Zero   RW           54    .bss.maixcomm       main.o
    0x20000b58        -       0x00000004   Zero   RW           55    .bss.steeringgear   main.o
    0x20000b5c        -       0x00000010   Zero   RW         1293    .bss.tempspeed      chassiscontroller.o
    0x20000b6c        -       0x00000004   Zero   RW          629    .bss.uwTick         stm32f4xx_hal.o
    0x20000b70        -       0x00000200   Zero   RW            2    HEAP                startup_stm32f407xx.o
    0x20000d70        -       0x00000400   Zero   RW            1    STACK               startup_stm32f407xx.o


    Execution Region RW_IRAM2 (Exec base: 0x2001c000, Load base: 0x080087c8, Size: 0x00000000, Max: 0x00004000, ABSOLUTE)

    **** No section assigned to this execution region ****


==============================================================================

Image component sizes


      Code (inc. data)   RO Data    RW Data    ZI Data      Debug   Object Name

        22          0          0          0          0       3911   bsp.o
       284          0          0          0          0      17798   bsp_can.o
       582          4          0          0         61       5105   bsp_dwt.o
        86          0          0          0          0       2083   bsp_gpio.o
       418          4          0          0          0       4492   bsp_tim.o
       156          0          0          0       1880      20263   bsp_usart.o
      2038         20         20         12        341      23309   chassiscontroller.o
       220          0        512          0          0       3280   crc.o
      1870         72          0          0          0      18593   djimotorhandler.o
       140          0         20          0          0      17883   gm6020.o
       242          0          0          0          0      15042   kalmanfilter.o
        54          0          0          0          0       3123   led.o
       480          4         20          0          0      17844   m2006.o
      2422          0         24          0        504      31789   main.o
       146          0          0          0          0       4783   maixcomm.o
       198          0          0          0          0      19011   math.o
      1522         16          0          4          0      17718   pid.o
        64         26        392          0       1536        820   startup_stm32f407xx.o
       376         12          0          0          0      15745   steeringgear.o
       210          0          0          5          4       7083   stm32f4xx_hal.o
      3202          0          0          0          0      11457   stm32f4xx_hal_can.o
       534          0          0          0          0       9659   stm32f4xx_hal_cortex.o
      1794          8          8          0          0       8436   stm32f4xx_hal_dma.o
       996          0          0          0          0       5064   stm32f4xx_hal_gpio.o
      1230          0          0          0          4      11350   stm32f4xx_hal_msp.o
      2646          0          0          0          0       7565   stm32f4xx_hal_rcc.o
      3102         14          0          0          0      35801   stm32f4xx_hal_tim.o
       468          0          0          0          0      15227   stm32f4xx_hal_tim_ex.o
      2502          0          0          0          0      20286   stm32f4xx_hal_uart.o
       122          0          0          0          0       1486   stm32f4xx_it.o
        18          0         24          4          0       2475   system_stm32f4xx.o

    ----------------------------------------------------------------------
     28314        180       1052         28       4340     378481   Object Totals
         0          0         32          0          0          0   (incl. Generated)
       170          0          0          3         10          0   (incl. Padding)

    ----------------------------------------------------------------------

      Code (inc. data)   RO Data    RW Data    ZI Data      Debug   Library Member Name

         0          0       2052          0          0       6294   arm_common_tables.o
       152         12          0          0          0       1104   arm_cos_f32.o
         8          0          0          0          0         68   __main.o
         0          0          0          0          0          0   __rtentry.o
        12          0          0          0          0          0   __rtentry2.o
         6          0          0          0          0          0   __rtentry4.o
        52          8          0          0          0          0   __scatter.o
        26          0          0          0          0          0   __scatter_copy.o
        28          0          0          0          0          0   __scatter_zi.o
        22          0          0          0          0         80   abort.o
        46          0          0          0          0         84   aeabi_atexit.o
        10          0          0          0          0         68   cxa_atexit.o
        66          0          0          0          0         84   cxa_finalize.o
        48         34          0          0          0         76   defsig_abrt_inner.o
        14          0          0          0          0         80   defsig_abrt_outer.o
        10          0          0          0          0         68   defsig_exit.o
        50          0          0          0          0         88   defsig_general.o
        80         58          0          0          0         76   defsig_rtmem_inner.o
        14          0          0          0          0         80   defsig_rtmem_outer.o
        18          0          0          0          0         80   exit.o
        94          0          0          0          0         80   h1_alloc.o
        52          0          0          0          0         68   h1_extend.o
        78          0          0          0          0         80   h1_free.o
        14          0          0          0          0         84   h1_init.o
         6          0          0          0          0        152   heapauxi.o
         4          0          0          0          0        136   hguard.o
         0          0          0          0          0          0   indicate_semi.o
        36          8          0          0          0         80   init_aeabi.o
       138          0          0          0          0        168   init_alloc.o
         2          0          0          0          0          0   libinit.o
        18          0          0          0          0          0   libinit2.o
         2          0          0          0          0          0   libshutdown.o
         8          0          0          0          0          0   libshutdown2.o
         8          4          0          0         96         68   libspace.o
       240          0          0          0          0        100   lludivv7m.o
         0          0          0          0          0          0   maybetermalloc1.o
         8          4          0          0          0         68   rt_ddtor_pointer_addr_intlibspace.o
         8          4          0          0          0         68   rt_heap_descriptor_intlibspace.o
        78          0          0          0          0         80   rt_memclr_w.o
       100          0          0          0          0         80   rt_memcpy_w.o
         2          0          0          0          0          0   rtexit.o
        10          0          0          0          0          0   rtexit2.o
        12          4          0          0          0         68   sys_exit.o
        74          0          0          0          0         80   sys_stackheap_outer.o
        14          0          0          0          0         76   sys_wrch.o
         2          0          0          0          0         68   use_no_semi.o
        84          0          0          0          0        244   dcmp.o
        24          0          0          0          0        116   dcmpi.o
       120          4          0          0          0        140   deqf.o
       120          4          0          0          0        140   dgeqf.o
       120          4          0          0          0        140   dleqf.o
       340         12          0          0          0        152   dmul.o
       156          4          0          0          0        140   dnaninf.o
        12          0          0          0          0        116   dretinf.o
        86          4          0          0          0        132   f2d.o
       140          4          0          0          0        132   fnaninf.o
        26          0          0          0          0        116   fpinit.o
        96          4          0          0          0        124   frnd.o
         0          0          0          0          0          0   usenofp.o
         4          0          0          0          0         36   abort_message.cpp.o
       100         56          0          0          0         76   cxa_guard.cpp.o
        40         32          0          0          0         52   cxa_virtual.cpp.o
       154          0          0          0          0        140   roundf.o

    ----------------------------------------------------------------------
      3306        264       2052          0         96      11930   Library Totals
        14          0          0          0          0          0   (incl. Padding)

    ----------------------------------------------------------------------

      Code (inc. data)   RO Data    RW Data    ZI Data      Debug   Library Name

       152         12       2052          0          0       7398   arm_cortexM4lf_math.lib
      1518        124          0          0         96       2536   c_w.l
      1324         40          0          0          0       1692   fz_wm.l
       144         88          0          0          0        164   libcppabi_w.l
       154          0          0          0          0        140   m_wm.l

    ----------------------------------------------------------------------
      3306        264       2052          0         96      11930   Library Totals

    ----------------------------------------------------------------------

==============================================================================


      Code (inc. data)   RO Data    RW Data    ZI Data      Debug   

     31620        444       3104         28       4436     387267   Grand Totals
     31620        444       3104         28       4436     387267   ELF Image Totals
     31620        444       3104         28          0          0   ROM Totals

==============================================================================

    Total RO  Size (Code + RO Data)                34724 (  33.91kB)
    Total RW  Size (RW Data + ZI Data)              4464 (   4.36kB)
    Total ROM Size (Code + RO Data + RW Data)      34752 (  33.94kB)

==============================================================================

